2026-03-09 18:31:44,653 [INFO] django.server: "GET /api/v1/storage/miner/logs/31d463897fd45ba511566f1d9422b1cda055ecec/?lines=60 HTTP/1.1" 200 5713
2026-03-09 18:31:47,651 [INFO] django.server: "GET /api/v1/storage/miner/logs/31d463897fd45ba511566f1d9422b1cda055ecec/?lines=60 HTTP/1.1" 200 5713
2026-03-09 18:31:50,638 [INFO] django.server: "GET /api/v1/storage/miner/logs/31d463897fd45ba511566f1d9422b1cda055ecec/?lines=60 HTTP/1.1" 200 5713
2026-03-09 18:31:53,923 [INFO] django.server: "GET /api/v1/storage/miner/logs/31d463897fd45ba511566f1d9422b1cda055ecec/?lines=60 HTTP/1.1" 200 5713
2026-03-09 18:31:56,652 [INFO] django.server: "GET /api/v1/storage/miner/logs/31d463897fd45ba511566f1d9422b1cda055ecec/?lines=60 HTTP/1.1" 200 43
2026-03-09 18:32:00,081 [INFO] django.server: "GET /api/v1/storage/miner/logs/31d463897fd45ba511566f1d9422b1cda055ecec/?lines=60 HTTP/1.1" 200 43
2026-03-09 18:32:03,064 [INFO] django.server: "GET /api/v1/storage/miner/logs/31d463897fd45ba511566f1d9422b1cda055ecec/?lines=60 HTTP/1.1" 200 43
2026-03-09 18:32:09,770 [INFO] django.server: "GET /api/v1/storage/miner/logs/31d463897fd45ba511566f1d9422b1cda055ece/?lines=60 HTTP/1.1" 200 43
2026-03-09 18:32:11,886 [INFO] django.server: "GET /api/v1/storage/miner/logs/31d463897fd45ba511566f1d9422b1cda055ece/?lines=60 HTTP/1.1" 200 43
2026-03-09 18:32:22,618 [INFO] django.server: "GET /api/v1/messaging/conversations/6315774b-1505-49f1-b23a-6950768ce283/ HTTP/1.1" 200 10663
2026-03-09 18:32:23,403 [INFO] django.server: "GET /api/v1/messaging/inbox/dht/ HTTP/1.1" 200 654
2026-03-09 18:33:09,032 [WARNING] django.request: Forbidden: /api/v1/storage/miner/claim/
2026-03-09 18:33:09,033 [WARNING] django.server: "POST /api/v1/storage/miner/claim/ HTTP/1.1" 403 48
2026-03-09 18:33:18,453 [WARNING] django.request: Forbidden: /api/v1/storage/miner/claim/
2026-03-09 18:33:18,453 [WARNING] django.server: "POST /api/v1/storage/miner/claim/ HTTP/1.1" 403 48
2026-03-09 18:33:20,576 [WARNING] django.request: Forbidden: /api/v1/storage/miner/claim/
2026-03-09 18:33:20,577 [WARNING] django.server: "POST /api/v1/storage/miner/claim/ HTTP/1.1" 403 48
2026-03-09 18:33:21,286 [WARNING] django.request: Forbidden: /api/v1/storage/miner/claim/
2026-03-09 18:33:21,288 [WARNING] django.server: "POST /api/v1/storage/miner/claim/ HTTP/1.1" 403 48
2026-03-09 18:33:22,625 [INFO] django.server: "GET /api/v1/messaging/conversations/6315774b-1505-49f1-b23a-6950768ce283/ HTTP/1.1" 200 10663
2026-03-09 18:33:23,296 [INFO] django.server: "GET /api/v1/messaging/inbox/dht/ HTTP/1.1" 200 654
2026-03-09 18:33:54,120 [INFO] django.server: "POST /api/v1/storage/miner/claim/ HTTP/1.1" 200 93
2026-03-09 18:33:56,329 [INFO] django.server: "GET /api/v1/storage/miner/fleet/ HTTP/1.1" 200 327
2026-03-09 18:34:00,955 [INFO] django.server: "GET /api/v1/storage/miner/fleet/ HTTP/1.1" 200 327
2026-03-09 18:34:02,351 [INFO] django.server: "OPTIONS /api/v1/storage/miner/earnings/ HTTP/1.1" 200 0
2026-03-09 18:34:02,352 [INFO] django.server: "OPTIONS /api/v1/storage/miner/earnings/ HTTP/1.1" 200 0
2026-03-09 18:34:02,441 [INFO] django.server: "GET /api/v1/storage/miner/earnings/ HTTP/1.1" 200 70
2026-03-09 18:34:02,508 [INFO] django.server: "GET /api/v1/storage/miner/earnings/ HTTP/1.1" 200 70
2026-03-09 18:34:03,168 [INFO] django.server: "GET /api/v1/storage/miner/fleet/ HTTP/1.1" 200 327
2026-03-09 18:34:05,386 [INFO] django.server: "GET /api/v1/storage/miner/fleet/ HTTP/1.1" 200 327
2026-03-09 18:34:07,605 [INFO] django.server: "GET /api/v1/storage/miner/fleet/ HTTP/1.1" 200 327
2026-03-09 18:34:09,830 [INFO] django.server: "GET /api/v1/storage/miner/fleet/ HTTP/1.1" 200 327
2026-03-09 18:34:12,046 [INFO] django.server: "GET /api/v1/storage/miner/fleet/ HTTP/1.1" 200 327
2026-03-09 18:34:14,256 [INFO] django.server: "GET /api/v1/storage/miner/fleet/ HTTP/1.1" 200 327
2026-03-09 18:34:16,494 [INFO] django.server: "GET /api/v1/storage/miner/fleet/ HTTP/1.1" 200 327
2026-03-09 18:34:22,646 [INFO] django.server: "GET /api/v1/messaging/conversations/6315774b-1505-49f1-b23a-6950768ce283/ HTTP/1.1" 200 10663
2026-03-09 18:34:23,466 [INFO] django.server: "GET /api/v1/messaging/inbox/dht/ HTTP/1.1" 200 654
2026-03-09 18:34:45,074 [INFO] django.server: "GET /api/v1/storage/miner/fleet/ HTTP/1.1" 200 326
2026-03-09 18:34:47,330 [INFO] django.server: - Broken pipe from ('127.0.0.1', 63996)
2026-03-09 18:34:47,730 [INFO] django.server: "GET /api/v1/p2p/admin/status/ HTTP/1.1" 200 158
2026-03-09 18:34:47,813 [INFO] django.server: "GET /api/v1/p2p/admin/status/ HTTP/1.1" 200 158
2026-03-09 18:34:49,889 [INFO] django.server: "GET /api/v1/storage/miner/fleet/ HTTP/1.1" 200 327
2026-03-09 18:34:52,136 [INFO] django.server: "GET /api/v1/storage/miner/fleet/ HTTP/1.1" 200 327
2026-03-09 18:34:54,858 [INFO] django.server: "GET /api/v1/storage/miner/logs/31d463897fd45ba511566f1d9422b1cda055ece/?lines=60 HTTP/1.1" 200 43
2026-03-09 18:34:57,862 [INFO] django.server: "GET /api/v1/storage/miner/logs/31d463897fd45ba511566f1d9422b1cda055ece/?lines=60 HTTP/1.1" 200 43
2026-03-09 18:35:00,863 [INFO] django.server: "GET /api/v1/storage/miner/logs/31d463897fd45ba511566f1d9422b1cda055ece/?lines=60 HTTP/1.1" 200 43
2026-03-09 18:35:03,836 [INFO] django.server: "GET /api/v1/storage/miner/logs/31d463897fd45ba511566f1d9422b1cda055ece/?lines=60 HTTP/1.1" 200 43
2026-03-09 18:35:04,676 [INFO] django.server: "OPTIONS /api/v1/p2p/admin/logs/system/?lines=150 HTTP/1.1" 200 0
2026-03-09 18:35:04,677 [INFO] django.server: "OPTIONS /api/v1/p2p/admin/logs/system/?lines=150 HTTP/1.1" 200 0
2026-03-09 18:35:04,763 [INFO] django.server: "GET /api/v1/p2p/admin/logs/system/?lines=150 HTTP/1.1" 200 5768
2026-03-09 18:35:04,852 [INFO] django.server: "GET /api/v1/p2p/admin/logs/system/?lines=150 HTTP/1.1" 200 5883
2026-03-09 18:35:07,736 [INFO] django.server: "GET /api/v1/p2p/admin/logs/system/?lines=150 HTTP/1.1" 200 5998
2026-03-09 18:35:10,767 [INFO] django.server: "GET /api/v1/p2p/admin/logs/system/?lines=150 HTTP/1.1" 200 6113
2026-03-09 18:35:13,727 [INFO] django.server: "GET /api/v1/p2p/admin/logs/system/?lines=150 HTTP/1.1" 200 6228
2026-03-09 18:35:16,778 [INFO] django.server: "GET /api/v1/p2p/admin/logs/system/?lines=150 HTTP/1.1" 200 6343
2026-03-09 18:35:19,726 [INFO] django.server: "GET /api/v1/p2p/admin/logs/system/?lines=150 HTTP/1.1" 200 6458
2026-03-09 18:35:22,621 [INFO] django.server: "GET /api/v1/messaging/conversations/6315774b-1505-49f1-b23a-6950768ce283/ HTTP/1.1" 200 10663
2026-03-09 18:35:22,758 [INFO] django.server: "GET /api/v1/p2p/admin/logs/system/?lines=150 HTTP/1.1" 200 6718
2026-03-09 18:35:23,822 [INFO] django.server: "GET /api/v1/messaging/inbox/dht/ HTTP/1.1" 200 654
2026-03-09 18:35:25,748 [INFO] django.server: "GET /api/v1/p2p/admin/logs/system/?lines=150 HTTP/1.1" 200 6935
2026-03-09 18:35:28,737 [INFO] django.server: "GET /api/v1/p2p/admin/logs/system/?lines=150 HTTP/1.1" 200 7050
2026-03-09 18:35:31,748 [INFO] django.server: "GET /api/v1/p2p/admin/logs/system/?lines=150 HTTP/1.1" 200 7165
2026-03-09 18:35:33,580 [INFO] django.server: "GET /api/v1/storage/miner/earnings/ HTTP/1.1" 200 70
2026-03-09 18:35:33,656 [INFO] django.server: "GET /api/v1/storage/miner/earnings/ HTTP/1.1" 200 70
2026-03-09 18:35:33,967 [INFO] django.server: "GET /api/v1/storage/miner/fleet/ HTTP/1.1" 200 327
2026-03-09 18:35:35,006 [INFO] django.server: "GET /api/v1/storage/miner/earnings/ HTTP/1.1" 200 70
2026-03-09 18:35:35,076 [INFO] django.server: "GET /api/v1/storage/miner/earnings/ HTTP/1.1" 200 70
2026-03-09 18:35:36,207 [INFO] django.server: "GET /api/v1/storage/miner/fleet/ HTTP/1.1" 200 327
2026-03-09 18:35:38,601 [INFO] django.server: "GET /api/v1/storage/miner/fleet/ HTTP/1.1" 200 326
2026-03-09 18:35:40,030 [INFO] django.server: "GET /api/v1/storage/miner/earnings/ HTTP/1.1" 200 70
2026-03-09 18:35:40,093 [INFO] django.server: "GET /api/v1/storage/miner/earnings/ HTTP/1.1" 200 70
2026-03-09 18:35:40,824 [INFO] django.server: "GET /api/v1/storage/miner/fleet/ HTTP/1.1" 200 327
2026-03-09 18:35:43,040 [INFO] django.server: "GET /api/v1/storage/miner/fleet/ HTTP/1.1" 200 327
2026-03-09 18:35:45,272 [INFO] django.server: "GET /api/v1/storage/miner/fleet/ HTTP/1.1" 200 327
2026-03-09 18:35:47,499 [INFO] django.server: "GET /api/v1/storage/miner/fleet/ HTTP/1.1" 200 327
2026-03-09 18:35:49,725 [INFO] django.server: "GET /api/v1/storage/miner/fleet/ HTTP/1.1" 200 327
2026-03-09 18:35:51,958 [INFO] django.server: "GET /api/v1/storage/miner/fleet/ HTTP/1.1" 200 327
2026-03-09 18:35:54,168 [INFO] django.server: "GET /api/v1/storage/miner/fleet/ HTTP/1.1" 200 327
2026-03-09 18:35:56,422 [INFO] django.server: "GET /api/v1/storage/miner/fleet/ HTTP/1.1" 200 327
2026-03-09 18:35:58,655 [INFO] django.server: "GET /api/v1/storage/miner/fleet/ HTTP/1.1" 200 327
2026-03-09 18:36:22,616 [INFO] django.server: "GET /api/v1/messaging/conversations/6315774b-1505-49f1-b23a-6950768ce283/ HTTP/1.1" 200 10663
2026-03-09 18:36:23,310 [INFO] django.server: "GET /api/v1/messaging/inbox/dht/ HTTP/1.1" 200 654
2026-03-09 18:37:21,282 [INFO] django.server: "GET /api/v1/storage/miner/earnings/ HTTP/1.1" 200 70
2026-03-09 18:37:21,401 [INFO] django.server: "GET /api/v1/storage/miner/earnings/ HTTP/1.1" 200 70
2026-03-09 18:37:22,164 [INFO] django.server: "GET /api/v1/storage/miner/fleet/ HTTP/1.1" 200 328
2026-03-09 18:37:22,969 [INFO] django.server: "GET /api/v1/messaging/conversations/6315774b-1505-49f1-b23a-6950768ce283/ HTTP/1.1" 200 10663
2026-03-09 18:37:24,152 [INFO] django.server: "GET /api/v1/messaging/inbox/dht/ HTTP/1.1" 200 654
2026-03-09 18:37:24,449 [INFO] django.server: "GET /api/v1/storage/miner/fleet/ HTTP/1.1" 200 328
2026-03-09 18:37:26,705 [INFO] django.server: "GET /api/v1/storage/miner/fleet/ HTTP/1.1" 200 327
2026-03-09 18:37:28,921 [INFO] django.server: "GET /api/v1/storage/miner/fleet/ HTTP/1.1" 200 328
2026-03-09 18:37:37,593 [INFO] django.server: "GET /api/v1/storage/miner/fleet/ HTTP/1.1" 200 328
2026-03-09 18:37:38,831 [INFO] django.server: "GET /api/v1/p2p/admin/parameters/ HTTP/1.1" 200 2
2026-03-09 18:37:38,862 [INFO] django.server: "GET /api/v1/p2p/admin/treasury/ HTTP/1.1" 200 205
2026-03-09 18:37:38,937 [INFO] django.server: "GET /api/v1/p2p/admin/parameters/ HTTP/1.1" 200 2
2026-03-09 18:37:38,975 [INFO] django.server: "GET /api/v1/p2p/admin/users/ HTTP/1.1" 200 2971
2026-03-09 18:37:39,000 [INFO] django.server: "GET /api/v1/p2p/admin/treasury/ HTTP/1.1" 200 205
2026-03-09 18:37:39,093 [INFO] django.server: "GET /api/v1/p2p/admin/users/ HTTP/1.1" 200 2971
2026-03-09 18:38:16,794 [INFO] django.server: "PATCH /api/v1/p2p/admin/parameters/ HTTP/1.1" 200 45
2026-03-09 18:38:22,601 [INFO] django.server: "GET /api/v1/messaging/conversations/6315774b-1505-49f1-b23a-6950768ce283/ HTTP/1.1" 200 10663
2026-03-09 18:38:23,118 [INFO] django.server: "GET /api/v1/messaging/inbox/dht/ HTTP/1.1" 200 654
2026-03-09 18:38:43,500 [INFO] django.server: "GET /api/v1/p2p/admin/logs/system/?lines=150 HTTP/1.1" 200 11294
2026-03-09 18:38:43,581 [INFO] django.server: "GET /api/v1/p2p/admin/logs/system/?lines=150 HTTP/1.1" 200 11410
2026-03-09 18:38:48,205 [INFO] django.server: "GET /api/v1/storage/miner/fleet/ HTTP/1.1" 200 328
2026-03-09 18:38:50,483 [INFO] django.server: "GET /api/v1/storage/miner/fleet/ HTTP/1.1" 200 328
2026-03-09 18:38:58,482 [INFO] django.server: "GET /api/v1/storage/miner/fleet/ HTTP/1.1" 200 328
2026-03-09 18:39:22,626 [INFO] django.server: "GET /api/v1/messaging/conversations/6315774b-1505-49f1-b23a-6950768ce283/ HTTP/1.1" 200 10663
2026-03-09 18:39:23,282 [INFO] django.server: "GET /api/v1/messaging/inbox/dht/ HTTP/1.1" 200 654
2026-03-09 18:39:33,545 [INFO] django.server: "GET /api/v1/storage/miner/fleet/ HTTP/1.1" 200 326
2026-03-09 18:39:47,279 [INFO] django.server: "GET /api/v1/storage/miner/fleet/ HTTP/1.1" 200 326
2026-03-09 18:40:22,610 [INFO] django.server: "GET /api/v1/messaging/conversations/6315774b-1505-49f1-b23a-6950768ce283/ HTTP/1.1" 200 10663
2026-03-09 18:40:23,271 [INFO] django.server: "GET /api/v1/messaging/inbox/dht/ HTTP/1.1" 200 654
2026-03-09 18:41:22,874 [INFO] django.server: "GET /api/v1/messaging/conversations/6315774b-1505-49f1-b23a-6950768ce283/ HTTP/1.1" 200 10663
2026-03-09 18:41:23,618 [INFO] django.server: "GET /api/v1/messaging/inbox/dht/ HTTP/1.1" 200 654
2026-03-09 18:42:07,698 [INFO] django.server: "GET /api/v1/storage/miner/fleet/ HTTP/1.1" 200 328
2026-03-09 18:42:22,655 [INFO] django.server: "GET /api/v1/messaging/conversations/6315774b-1505-49f1-b23a-6950768ce283/ HTTP/1.1" 200 10663
2026-03-09 18:42:23,457 [INFO] django.server: "GET /api/v1/messaging/inbox/dht/ HTTP/1.1" 200 654
2026-03-09 18:42:27,212 [INFO] django.server: "GET /api/v1/storage/miner/fleet/ HTTP/1.1" 200 328
2026-03-09 18:43:22,619 [INFO] django.server: "GET /api/v1/messaging/conversations/6315774b-1505-49f1-b23a-6950768ce283/ HTTP/1.1" 200 10663
2026-03-09 18:43:23,390 [INFO] django.server: "GET /api/v1/messaging/inbox/dht/ HTTP/1.1" 200 654
2026-03-09 18:43:46,880 [INFO] django.server: "GET /api/v1/storage/miner/fleet/ HTTP/1.1" 200 328
2026-03-09 18:43:49,092 [INFO] django.server: "GET /api/v1/storage/miner/fleet/ HTTP/1.1" 200 328
2026-03-09 18:43:51,322 [INFO] django.server: "GET /api/v1/storage/miner/fleet/ HTTP/1.1" 200 328
2026-03-09 18:43:53,608 [INFO] django.server: "GET /api/v1/storage/miner/fleet/ HTTP/1.1" 200 327
2026-03-09 18:43:55,087 [INFO] django.server: "GET /api/v1/storage/miner/logs/31d463897fd45ba511566f1d9422b1cda055ecec/?lines=60 HTTP/1.1" 200 2198
2026-03-09 18:43:58,090 [INFO] django.server: "GET /api/v1/storage/miner/logs/31d463897fd45ba511566f1d9422b1cda055ecec/?lines=60 HTTP/1.1" 200 2198
2026-03-09 18:44:01,082 [INFO] django.server: "GET /api/v1/storage/miner/logs/31d463897fd45ba511566f1d9422b1cda055ecec/?lines=60 HTTP/1.1" 200 2198
2026-03-09 18:44:04,084 [INFO] django.server: "GET /api/v1/storage/miner/logs/31d463897fd45ba511566f1d9422b1cda055ecec/?lines=60 HTTP/1.1" 200 2198
2026-03-09 18:44:07,118 [INFO] django.server: "GET /api/v1/storage/miner/logs/31d463897fd45ba511566f1d9422b1cda055ecec/?lines=60 HTTP/1.1" 200 2198
2026-03-09 18:44:22,613 [INFO] django.server: "GET /api/v1/messaging/conversations/6315774b-1505-49f1-b23a-6950768ce283/ HTTP/1.1" 200 10663
2026-03-09 18:44:23,305 [INFO] django.server: "GET /api/v1/messaging/inbox/dht/ HTTP/1.1" 200 654
2026-03-09 18:45:18,889 [INFO] django.server: "GET /api/v1/storage/miner/fleet/ HTTP/1.1" 200 328
2026-03-09 18:45:21,038 [INFO] django.server: "GET /api/v1/storage/miner/earnings/ HTTP/1.1" 200 70
2026-03-09 18:45:21,101 [INFO] django.server: "GET /api/v1/storage/miner/earnings/ HTTP/1.1" 200 70
2026-03-09 18:45:21,112 [INFO] django.server: "GET /api/v1/storage/miner/fleet/ HTTP/1.1" 200 328
2026-03-09 18:45:22,621 [INFO] django.server: "GET /api/v1/messaging/conversations/6315774b-1505-49f1-b23a-6950768ce283/ HTTP/1.1" 200 10663
2026-03-09 18:45:23,360 [INFO] django.server: "GET /api/v1/messaging/inbox/dht/ HTTP/1.1" 200 654
2026-03-09 18:45:24,841 [INFO] django.server: "GET /api/v1/storage/miner/earnings/ HTTP/1.1" 200 70
2026-03-09 18:45:24,945 [INFO] django.server: "GET /api/v1/storage/miner/earnings/ HTTP/1.1" 200 70
2026-03-09 18:45:26,273 [INFO] django.server: "GET /api/v1/storage/miner/earnings/ HTTP/1.1" 200 70
2026-03-09 18:45:26,352 [INFO] django.server: "GET /api/v1/storage/miner/earnings/ HTTP/1.1" 200 70
2026-03-09 18:45:27,921 [INFO] django.server: "GET /api/v1/storage/miner/earnings/ HTTP/1.1" 200 70
2026-03-09 18:45:28,011 [INFO] django.server: "GET /api/v1/storage/miner/earnings/ HTTP/1.1" 200 70
2026-03-09 18:45:29,010 [INFO] django.server: "GET /api/v1/storage/miner/earnings/ HTTP/1.1" 200 70
2026-03-09 18:45:29,076 [INFO] django.server: "GET /api/v1/storage/miner/earnings/ HTTP/1.1" 200 70
2026-03-09 18:45:30,259 [INFO] django.server: "GET /api/v1/storage/miner/earnings/ HTTP/1.1" 200 70
2026-03-09 18:45:30,325 [INFO] django.server: "GET /api/v1/storage/miner/earnings/ HTTP/1.1" 200 70
2026-03-09 18:45:33,159 [INFO] django.server: "GET /api/v1/storage/miner/earnings/ HTTP/1.1" 200 70
2026-03-09 18:45:33,250 [INFO] django.server: "GET /api/v1/storage/miner/earnings/ HTTP/1.1" 200 70
2026-03-09 18:45:34,852 [INFO] django.server: "GET /api/v1/storage/miner/earnings/ HTTP/1.1" 200 70
2026-03-09 18:45:35,097 [INFO] django.server: "GET /api/v1/storage/miner/earnings/ HTTP/1.1" 200 70
2026-03-09 18:45:36,777 [INFO] django.server: "GET /api/v1/p2p/admin/logs/system/?lines=150 HTTP/1.1" 200 17005
2026-03-09 18:45:36,858 [INFO] django.server: "GET /api/v1/p2p/admin/logs/system/?lines=150 HTTP/1.1" 200 16969
2026-03-09 18:45:37,772 [INFO] django.server: "GET /api/v1/storage/miner/fleet/ HTTP/1.1" 200 328
2026-03-09 18:45:38,894 [INFO] django.server: "GET /api/v1/p2p/admin/parameters/ HTTP/1.1" 200 2
2026-03-09 18:45:39,004 [INFO] django.server: "GET /api/v1/p2p/admin/treasury/ HTTP/1.1" 200 205
2026-03-09 18:45:39,069 [INFO] django.server: "GET /api/v1/p2p/admin/parameters/ HTTP/1.1" 200 2
2026-03-09 18:45:39,166 [INFO] django.server: "GET /api/v1/p2p/admin/treasury/ HTTP/1.1" 200 205
2026-03-09 18:45:39,224 [INFO] django.server: "GET /api/v1/p2p/admin/users/ HTTP/1.1" 200 2971
2026-03-09 18:45:39,286 [INFO] django.server: "GET /api/v1/p2p/admin/users/ HTTP/1.1" 200 2971
2026-03-09 18:45:40,004 [INFO] django.server: "GET /api/v1/storage/miner/fleet/ HTTP/1.1" 200 328
2026-03-09 18:45:53,247 [INFO] django.server: "GET /api/v1/storage/miner/earnings/ HTTP/1.1" 200 70
2026-03-09 18:45:53,326 [INFO] django.server: "GET /api/v1/storage/miner/earnings/ HTTP/1.1" 200 70
2026-03-09 18:45:54,590 [INFO] django.server: "GET /api/v1/storage/miner/fleet/ HTTP/1.1" 200 327
2026-03-09 18:45:54,989 [INFO] django.server: "GET /api/v1/storage/miner/earnings/ HTTP/1.1" 200 70
2026-03-09 18:45:55,067 [INFO] django.server: "GET /api/v1/storage/miner/earnings/ HTTP/1.1" 200 70
2026-03-09 18:45:56,826 [INFO] django.server: "GET /api/v1/storage/miner/fleet/ HTTP/1.1" 200 326
2026-03-09 18:45:58,002 [INFO] django.server: "GET /api/v1/storage/miner/earnings/ HTTP/1.1" 200 70
2026-03-09 18:45:58,072 [INFO] django.server: "GET /api/v1/storage/miner/earnings/ HTTP/1.1" 200 70
2026-03-09 18:45:59,070 [INFO] django.server: "GET /api/v1/storage/miner/fleet/ HTTP/1.1" 200 327
2026-03-09 18:46:01,181 [INFO] django.server: "GET /api/v1/p2p/admin/logs/system/?lines=150 HTTP/1.1" 200 16582
2026-03-09 18:46:01,268 [INFO] django.server: "GET /api/v1/p2p/admin/logs/system/?lines=150 HTTP/1.1" 200 16553
2026-03-09 18:46:01,309 [INFO] django.server: "GET /api/v1/storage/miner/fleet/ HTTP/1.1" 200 327
2026-03-09 18:46:03,532 [INFO] django.server: "GET /api/v1/storage/miner/fleet/ HTTP/1.1" 200 327
2026-03-09 18:46:04,185 [INFO] django.server: "GET /api/v1/p2p/admin/logs/system/?lines=150 HTTP/1.1" 200 16567
2026-03-09 18:46:05,118 [INFO] django.server: "OPTIONS /api/v1/p2p/admin/treasury/ HTTP/1.1" 200 0
2026-03-09 18:46:05,122 [INFO] django.server: "OPTIONS /api/v1/p2p/admin/parameters/ HTTP/1.1" 200 0
2026-03-09 18:46:05,124 [INFO] django.server: "OPTIONS /api/v1/p2p/admin/treasury/ HTTP/1.1" 200 0
2026-03-09 18:46:05,129 [INFO] django.server: "OPTIONS /api/v1/p2p/admin/parameters/ HTTP/1.1" 200 0
2026-03-09 18:46:05,224 [INFO] django.server: "GET /api/v1/p2p/admin/treasury/ HTTP/1.1" 200 205
2026-03-09 18:46:05,281 [INFO] django.server: "GET /api/v1/p2p/admin/parameters/ HTTP/1.1" 200 2
2026-03-09 18:46:05,385 [INFO] django.server: "GET /api/v1/p2p/admin/treasury/ HTTP/1.1" 200 205
2026-03-09 18:46:05,431 [INFO] django.server: "OPTIONS /api/v1/p2p/admin/users/ HTTP/1.1" 200 0
2026-03-09 18:46:05,466 [INFO] django.server: "GET /api/v1/p2p/admin/parameters/ HTTP/1.1" 200 2
2026-03-09 18:46:05,504 [INFO] django.server: "GET /api/v1/p2p/admin/users/ HTTP/1.1" 200 2971
2026-03-09 18:46:05,570 [INFO] django.server: "GET /api/v1/p2p/admin/users/ HTTP/1.1" 200 2971
2026-03-09 18:46:05,756 [INFO] django.server: "GET /api/v1/storage/miner/fleet/ HTTP/1.1" 200 327
2026-03-09 18:46:18,074 [INFO] django.server: "GET /api/v1/storage/miner/fleet/ HTTP/1.1" 200 327
2026-03-09 18:46:20,010 [INFO] django.server: "GET /api/v1/storage/miner/earnings/ HTTP/1.1" 200 70
2026-03-09 18:46:20,087 [INFO] django.server: "GET /api/v1/storage/miner/earnings/ HTTP/1.1" 200 70
2026-03-09 18:46:20,313 [INFO] django.server: "GET /api/v1/storage/miner/fleet/ HTTP/1.1" 200 327
2026-03-09 18:46:22,632 [INFO] django.server: "GET /api/v1/messaging/conversations/6315774b-1505-49f1-b23a-6950768ce283/ HTTP/1.1" 200 10663
2026-03-09 18:46:22,953 [INFO] django.server: "GET /api/v1/storage/miner/fleet/ HTTP/1.1" 200 327
2026-03-09 18:46:23,389 [INFO] django.server: "GET /api/v1/messaging/inbox/dht/ HTTP/1.1" 200 654
2026-03-09 18:46:25,168 [INFO] django.server: "GET /api/v1/storage/miner/fleet/ HTTP/1.1" 200 327
2026-03-09 18:46:47,064 [INFO] django.server: "GET /api/v1/storage/objects/?page=1&page_size=100&sort=-created_at HTTP/1.1" 200 834
2026-03-09 18:46:47,160 [INFO] django.server: "GET /api/v1/storage/objects/?page=1&page_size=100&sort=-created_at HTTP/1.1" 200 834
2026-03-09 18:47:22,605 [INFO] django.server: "GET /api/v1/messaging/conversations/6315774b-1505-49f1-b23a-6950768ce283/ HTTP/1.1" 200 10663
2026-03-09 18:47:23,443 [INFO] django.server: "GET /api/v1/messaging/inbox/dht/ HTTP/1.1" 200 654
2026-03-09 18:48:11,904 [INFO] django.server: "OPTIONS /api/v1/storage/upload/personal/ HTTP/1.1" 200 0
2026-03-09 18:48:33,130 [INFO] django.server: "GET /api/v1/messaging/conversations/6315774b-1505-49f1-b23a-6950768ce283/ HTTP/1.1" 200 10663
2026-03-09 18:48:41,127 [INFO] django.server: "GET /api/v1/messaging/inbox/dht/ HTTP/1.1" 200 654
2026-03-09 18:48:41,658 [ERROR] apps.storage.views: Upload error: Error 10054 while writing to socket. An existing connection was forcibly closed by the remote host.
Traceback (most recent call last):
  File "C:\Users\stanl\Desktop\vscodeworkspace\pythonplayground\aetherstore\.venv\Lib\site-packages\redis\connection.py", line 1280, in send_packed_command
    self._sock.sendall(item)
    ~~~~~~~~~~~~~~~~~~^^^^^^
ConnectionResetError: [WinError 10054] An existing connection was forcibly closed by the remote host

During handling of the above exception, another exception occurred:

Traceback (most recent call last):
  File "C:\Users\stanl\Desktop\vscodeworkspace\pythonplayground\aetherstore\.venv\Lib\site-packages\kombu\connection.py", line 474, in _reraise_as_library_errors
    yield
  File "C:\Users\stanl\Desktop\vscodeworkspace\pythonplayground\aetherstore\.venv\Lib\site-packages\kombu\connection.py", line 558, in _ensured
    return fun(*args, **kwargs)
  File "C:\Users\stanl\Desktop\vscodeworkspace\pythonplayground\aetherstore\.venv\Lib\site-packages\kombu\messaging.py", line 214, in _publish
    return channel.basic_publish(
           ~~~~~~~~~~~~~~~~~~~~~^
        message,
        ^^^^^^^^
    ...<2 lines>...
        timeout=timeout, confirm_timeout=confirm_timeout
        ^^^^^^^^^^^^^^^^^^^^^^^^^^^^^^^^^^^^^^^^^^^^^^^^
    )
    ^
  File "C:\Users\stanl\Desktop\vscodeworkspace\pythonplayground\aetherstore\.venv\Lib\site-packages\kombu\transport\virtual\base.py", line 614, in basic_publish
    return self._put(routing_key, message, **kwargs)
           ~~~~~~~~~^^^^^^^^^^^^^^^^^^^^^^^^^^^^^^^^
  File "C:\Users\stanl\Desktop\vscodeworkspace\pythonplayground\aetherstore\.venv\Lib\site-packages\kombu\transport\redis.py", line 1039, in _put
    client.lpush(self._q_for_pri(queue, pri), dumps(message))
    ~~~~~~~~~~~~^^^^^^^^^^^^^^^^^^^^^^^^^^^^^^^^^^^^^^^^^^^^^
  File "C:\Users\stanl\Desktop\vscodeworkspace\pythonplayground\aetherstore\.venv\Lib\site-packages\redis\commands\core.py", line 3057, in lpush
    return self.execute_command("LPUSH", name, *values)
           ~~~~~~~~~~~~~~~~~~~~^^^^^^^^^^^^^^^^^^^^^^^^
  File "C:\Users\stanl\Desktop\vscodeworkspace\pythonplayground\aetherstore\.venv\Lib\site-packages\redis\client.py", line 716, in execute_command
    return self._execute_command(*args, **options)
           ~~~~~~~~~~~~~~~~~~~~~^^^^^^^^^^^^^^^^^^
  File "C:\Users\stanl\Desktop\vscodeworkspace\pythonplayground\aetherstore\.venv\Lib\site-packages\redis\client.py", line 736, in _execute_command
    result = conn.retry.call_with_retry(
        lambda: self._send_command_parse_response(
    ...<3 lines>...
        with_failure_count=True,
    )
  File "C:\Users\stanl\Desktop\vscodeworkspace\pythonplayground\aetherstore\.venv\Lib\site-packages\redis\retry.py", line 132, in call_with_retry
    raise error
  File "C:\Users\stanl\Desktop\vscodeworkspace\pythonplayground\aetherstore\.venv\Lib\site-packages\redis\retry.py", line 120, in call_with_retry
    return do()
  File "C:\Users\stanl\Desktop\vscodeworkspace\pythonplayground\aetherstore\.venv\Lib\site-packages\redis\client.py", line 737, in <lambda>
    lambda: self._send_command_parse_response(
            ~~~~~~~~~~~~~~~~~~~~~~~~~~~~~~~~~^
        conn, command_name, *args, **options
        ^^^^^^^^^^^^^^^^^^^^^^^^^^^^^^^^^^^^
    ),
    ^
  File "C:\Users\stanl\Desktop\vscodeworkspace\pythonplayground\aetherstore\.venv\Lib\site-packages\redis\client.py", line 681, in _send_command_parse_response
    conn.send_command(*args, **options)
    ~~~~~~~~~~~~~~~~~^^^^^^^^^^^^^^^^^^
  File "C:\Users\stanl\Desktop\vscodeworkspace\pythonplayground\aetherstore\.venv\Lib\site-packages\redis\connection.py", line 1302, in send_command
    self.send_packed_command(
    ~~~~~~~~~~~~~~~~~~~~~~~~^
        self._command_packer.pack(*args),
        ^^^^^^^^^^^^^^^^^^^^^^^^^^^^^^^^^
        check_health=kwargs.get("check_health", True),
        ^^^^^^^^^^^^^^^^^^^^^^^^^^^^^^^^^^^^^^^^^^^^^^
    )
    ^
  File "C:\Users\stanl\Desktop\vscodeworkspace\pythonplayground\aetherstore\.venv\Lib\site-packages\redis\connection.py", line 1291, in send_packed_command
    raise ConnectionError(f"Error {errno} while writing to socket. {errmsg}.")
redis.exceptions.ConnectionError: Error 10054 while writing to socket. An existing connection was forcibly closed by the remote host.

The above exception was the direct cause of the following exception:

Traceback (most recent call last):
  File "C:\Users\stanl\Desktop\vscodeworkspace\pythonplayground\aetherstore\apps\storage\views.py", line 73, in post
    task = process_upload.delay(
        object_id=None,
    ...<4 lines>...
        filename=file_obj.name
    )
  File "C:\Users\stanl\Desktop\vscodeworkspace\pythonplayground\aetherstore\.venv\Lib\site-packages\celery\app\task.py", line 444, in delay
    return self.apply_async(args, kwargs)
           ~~~~~~~~~~~~~~~~^^^^^^^^^^^^^^
  File "C:\Users\stanl\Desktop\vscodeworkspace\pythonplayground\aetherstore\.venv\Lib\site-packages\celery\app\task.py", line 608, in apply_async
    return app.send_task(
           ~~~~~~~~~~~~~^
        self.name, args, kwargs, task_id=task_id, producer=producer,
        ^^^^^^^^^^^^^^^^^^^^^^^^^^^^^^^^^^^^^^^^^^^^^^^^^^^^^^^^^^^^
    ...<2 lines>...
        **options
        ^^^^^^^^^
    )
    ^
  File "C:\Users\stanl\Desktop\vscodeworkspace\pythonplayground\aetherstore\.venv\Lib\site-packages\celery\app\base.py", line 947, in send_task
    amqp.send_task_message(P, name, message, **options)
    ~~~~~~~~~~~~~~~~~~~~~~^^^^^^^^^^^^^^^^^^^^^^^^^^^^^
  File "C:\Users\stanl\Desktop\vscodeworkspace\pythonplayground\aetherstore\.venv\Lib\site-packages\celery\app\amqp.py", line 559, in send_task_message
    ret = producer.publish(
        body,
    ...<8 lines>...
        **properties
    )
  File "C:\Users\stanl\Desktop\vscodeworkspace\pythonplayground\aetherstore\.venv\Lib\site-packages\kombu\messaging.py", line 190, in publish
    return _publish(
        body, priority, content_type, content_encoding,
        headers, properties, routing_key, mandatory, immediate,
        exchange_name, declare, timeout, confirm_timeout, retry, retry_policy
    )
  File "C:\Users\stanl\Desktop\vscodeworkspace\pythonplayground\aetherstore\.venv\Lib\site-packages\kombu\connection.py", line 555, in _ensured
    with self._reraise_as_library_errors():
         ~~~~~~~~~~~~~~~~~~~~~~~~~~~~~~~^^
  File "C:\Python314\Lib\contextlib.py", line 162, in __exit__
    self.gen.throw(value)
    ~~~~~~~~~~~~~~^^^^^^^
  File "C:\Users\stanl\Desktop\vscodeworkspace\pythonplayground\aetherstore\.venv\Lib\site-packages\kombu\connection.py", line 478, in _reraise_as_library_errors
    raise ConnectionError(str(exc)) from exc
kombu.exceptions.OperationalError: Error 10054 while writing to socket. An existing connection was forcibly closed by the remote host.
2026-03-09 18:48:42,743 [ERROR] django.request: Internal Server Error: /api/v1/storage/upload/personal/
2026-03-09 18:48:42,746 [ERROR] django.server: "POST /api/v1/storage/upload/personal/ HTTP/1.1" 500 133
2026-03-09 18:49:22,634 [INFO] django.server: "GET /api/v1/messaging/conversations/6315774b-1505-49f1-b23a-6950768ce283/ HTTP/1.1" 200 10663
2026-03-09 18:49:23,360 [INFO] django.server: "GET /api/v1/messaging/inbox/dht/ HTTP/1.1" 200 654
2026-03-09 18:50:22,631 [INFO] django.server: "GET /api/v1/messaging/conversations/6315774b-1505-49f1-b23a-6950768ce283/ HTTP/1.1" 200 10663
2026-03-09 18:50:23,362 [INFO] django.server: "GET /api/v1/messaging/inbox/dht/ HTTP/1.1" 200 654
2026-03-09 18:50:55,144 [ERROR] apps.storage.views: Upload error: Error 10054 while writing to socket. An existing connection was forcibly closed by the remote host.
Traceback (most recent call last):
  File "C:\Users\stanl\Desktop\vscodeworkspace\pythonplayground\aetherstore\.venv\Lib\site-packages\redis\connection.py", line 1280, in send_packed_command
    self._sock.sendall(item)
    ~~~~~~~~~~~~~~~~~~^^^^^^
ConnectionResetError: [WinError 10054] An existing connection was forcibly closed by the remote host

During handling of the above exception, another exception occurred:

Traceback (most recent call last):
  File "C:\Users\stanl\Desktop\vscodeworkspace\pythonplayground\aetherstore\.venv\Lib\site-packages\kombu\connection.py", line 474, in _reraise_as_library_errors
    yield
  File "C:\Users\stanl\Desktop\vscodeworkspace\pythonplayground\aetherstore\.venv\Lib\site-packages\kombu\connection.py", line 558, in _ensured
    return fun(*args, **kwargs)
  File "C:\Users\stanl\Desktop\vscodeworkspace\pythonplayground\aetherstore\.venv\Lib\site-packages\kombu\messaging.py", line 214, in _publish
    return channel.basic_publish(
           ~~~~~~~~~~~~~~~~~~~~~^
        message,
        ^^^^^^^^
    ...<2 lines>...
        timeout=timeout, confirm_timeout=confirm_timeout
        ^^^^^^^^^^^^^^^^^^^^^^^^^^^^^^^^^^^^^^^^^^^^^^^^
    )
    ^
  File "C:\Users\stanl\Desktop\vscodeworkspace\pythonplayground\aetherstore\.venv\Lib\site-packages\kombu\transport\virtual\base.py", line 614, in basic_publish
    return self._put(routing_key, message, **kwargs)
           ~~~~~~~~~^^^^^^^^^^^^^^^^^^^^^^^^^^^^^^^^
  File "C:\Users\stanl\Desktop\vscodeworkspace\pythonplayground\aetherstore\.venv\Lib\site-packages\kombu\transport\redis.py", line 1039, in _put
    client.lpush(self._q_for_pri(queue, pri), dumps(message))
    ~~~~~~~~~~~~^^^^^^^^^^^^^^^^^^^^^^^^^^^^^^^^^^^^^^^^^^^^^
  File "C:\Users\stanl\Desktop\vscodeworkspace\pythonplayground\aetherstore\.venv\Lib\site-packages\redis\commands\core.py", line 3057, in lpush
    return self.execute_command("LPUSH", name, *values)
           ~~~~~~~~~~~~~~~~~~~~^^^^^^^^^^^^^^^^^^^^^^^^
  File "C:\Users\stanl\Desktop\vscodeworkspace\pythonplayground\aetherstore\.venv\Lib\site-packages\redis\client.py", line 716, in execute_command
    return self._execute_command(*args, **options)
           ~~~~~~~~~~~~~~~~~~~~~^^^^^^^^^^^^^^^^^^
  File "C:\Users\stanl\Desktop\vscodeworkspace\pythonplayground\aetherstore\.venv\Lib\site-packages\redis\client.py", line 736, in _execute_command
    result = conn.retry.call_with_retry(
        lambda: self._send_command_parse_response(
    ...<3 lines>...
        with_failure_count=True,
    )
  File "C:\Users\stanl\Desktop\vscodeworkspace\pythonplayground\aetherstore\.venv\Lib\site-packages\redis\retry.py", line 132, in call_with_retry
    raise error
  File "C:\Users\stanl\Desktop\vscodeworkspace\pythonplayground\aetherstore\.venv\Lib\site-packages\redis\retry.py", line 120, in call_with_retry
    return do()
  File "C:\Users\stanl\Desktop\vscodeworkspace\pythonplayground\aetherstore\.venv\Lib\site-packages\redis\client.py", line 737, in <lambda>
    lambda: self._send_command_parse_response(
            ~~~~~~~~~~~~~~~~~~~~~~~~~~~~~~~~~^
        conn, command_name, *args, **options
        ^^^^^^^^^^^^^^^^^^^^^^^^^^^^^^^^^^^^
    ),
    ^
  File "C:\Users\stanl\Desktop\vscodeworkspace\pythonplayground\aetherstore\.venv\Lib\site-packages\redis\client.py", line 681, in _send_command_parse_response
    conn.send_command(*args, **options)
    ~~~~~~~~~~~~~~~~~^^^^^^^^^^^^^^^^^^
  File "C:\Users\stanl\Desktop\vscodeworkspace\pythonplayground\aetherstore\.venv\Lib\site-packages\redis\connection.py", line 1302, in send_command
    self.send_packed_command(
    ~~~~~~~~~~~~~~~~~~~~~~~~^
        self._command_packer.pack(*args),
        ^^^^^^^^^^^^^^^^^^^^^^^^^^^^^^^^^
        check_health=kwargs.get("check_health", True),
        ^^^^^^^^^^^^^^^^^^^^^^^^^^^^^^^^^^^^^^^^^^^^^^
    )
    ^
  File "C:\Users\stanl\Desktop\vscodeworkspace\pythonplayground\aetherstore\.venv\Lib\site-packages\redis\connection.py", line 1291, in send_packed_command
    raise ConnectionError(f"Error {errno} while writing to socket. {errmsg}.")
redis.exceptions.ConnectionError: Error 10054 while writing to socket. An existing connection was forcibly closed by the remote host.

The above exception was the direct cause of the following exception:

Traceback (most recent call last):
  File "C:\Users\stanl\Desktop\vscodeworkspace\pythonplayground\aetherstore\apps\storage\views.py", line 73, in post
    task = process_upload.delay(
        object_id=None,
    ...<4 lines>...
        filename=file_obj.name
    )
  File "C:\Users\stanl\Desktop\vscodeworkspace\pythonplayground\aetherstore\.venv\Lib\site-packages\celery\app\task.py", line 444, in delay
    return self.apply_async(args, kwargs)
           ~~~~~~~~~~~~~~~~^^^^^^^^^^^^^^
  File "C:\Users\stanl\Desktop\vscodeworkspace\pythonplayground\aetherstore\.venv\Lib\site-packages\celery\app\task.py", line 608, in apply_async
    return app.send_task(
           ~~~~~~~~~~~~~^
        self.name, args, kwargs, task_id=task_id, producer=producer,
        ^^^^^^^^^^^^^^^^^^^^^^^^^^^^^^^^^^^^^^^^^^^^^^^^^^^^^^^^^^^^
    ...<2 lines>...
        **options
        ^^^^^^^^^
    )
    ^
  File "C:\Users\stanl\Desktop\vscodeworkspace\pythonplayground\aetherstore\.venv\Lib\site-packages\celery\app\base.py", line 947, in send_task
    amqp.send_task_message(P, name, message, **options)
    ~~~~~~~~~~~~~~~~~~~~~~^^^^^^^^^^^^^^^^^^^^^^^^^^^^^
  File "C:\Users\stanl\Desktop\vscodeworkspace\pythonplayground\aetherstore\.venv\Lib\site-packages\celery\app\amqp.py", line 559, in send_task_message
    ret = producer.publish(
        body,
    ...<8 lines>...
        **properties
    )
  File "C:\Users\stanl\Desktop\vscodeworkspace\pythonplayground\aetherstore\.venv\Lib\site-packages\kombu\messaging.py", line 190, in publish
    return _publish(
        body, priority, content_type, content_encoding,
        headers, properties, routing_key, mandatory, immediate,
        exchange_name, declare, timeout, confirm_timeout, retry, retry_policy
    )
  File "C:\Users\stanl\Desktop\vscodeworkspace\pythonplayground\aetherstore\.venv\Lib\site-packages\kombu\connection.py", line 555, in _ensured
    with self._reraise_as_library_errors():
         ~~~~~~~~~~~~~~~~~~~~~~~~~~~~~~~^^
  File "C:\Python314\Lib\contextlib.py", line 162, in __exit__
    self.gen.throw(value)
    ~~~~~~~~~~~~~~^^^^^^^
  File "C:\Users\stanl\Desktop\vscodeworkspace\pythonplayground\aetherstore\.venv\Lib\site-packages\kombu\connection.py", line 478, in _reraise_as_library_errors
    raise ConnectionError(str(exc)) from exc
kombu.exceptions.OperationalError: Error 10054 while writing to socket. An existing connection was forcibly closed by the remote host.
2026-03-09 18:50:55,508 [ERROR] django.request: Internal Server Error: /api/v1/storage/upload/personal/
2026-03-09 18:50:55,510 [ERROR] django.server: "POST /api/v1/storage/upload/personal/ HTTP/1.1" 500 133
2026-03-09 18:51:22,629 [INFO] django.server: "GET /api/v1/messaging/conversations/6315774b-1505-49f1-b23a-6950768ce283/ HTTP/1.1" 200 10663
2026-03-09 18:51:23,357 [INFO] django.server: "GET /api/v1/messaging/inbox/dht/ HTTP/1.1" 200 654
2026-03-09 18:51:52,612 [INFO] apps.storage.engine: ReedSolomon library (reedsolo) loaded successfully
2026-03-09 18:52:22,634 [INFO] django.server: "GET /api/v1/messaging/conversations/6315774b-1505-49f1-b23a-6950768ce283/ HTTP/1.1" 200 10663
2026-03-09 18:52:23,448 [INFO] django.server: "GET /api/v1/messaging/inbox/dht/ HTTP/1.1" 200 654
2026-03-09 18:52:56,048 [ERROR] apps.storage.views: Upload error: Error 10054 while writing to socket. An existing connection was forcibly closed by the remote host.
Traceback (most recent call last):
  File "C:\Users\stanl\Desktop\vscodeworkspace\pythonplayground\aetherstore\.venv\Lib\site-packages\redis\connection.py", line 1280, in send_packed_command
    self._sock.sendall(item)
    ~~~~~~~~~~~~~~~~~~^^^^^^
ConnectionResetError: [WinError 10054] An existing connection was forcibly closed by the remote host

During handling of the above exception, another exception occurred:

Traceback (most recent call last):
  File "C:\Users\stanl\Desktop\vscodeworkspace\pythonplayground\aetherstore\.venv\Lib\site-packages\kombu\connection.py", line 474, in _reraise_as_library_errors
    yield
  File "C:\Users\stanl\Desktop\vscodeworkspace\pythonplayground\aetherstore\.venv\Lib\site-packages\kombu\connection.py", line 558, in _ensured
    return fun(*args, **kwargs)
  File "C:\Users\stanl\Desktop\vscodeworkspace\pythonplayground\aetherstore\.venv\Lib\site-packages\kombu\messaging.py", line 214, in _publish
    return channel.basic_publish(
           ~~~~~~~~~~~~~~~~~~~~~^
        message,
        ^^^^^^^^
    ...<2 lines>...
        timeout=timeout, confirm_timeout=confirm_timeout
        ^^^^^^^^^^^^^^^^^^^^^^^^^^^^^^^^^^^^^^^^^^^^^^^^
    )
    ^
  File "C:\Users\stanl\Desktop\vscodeworkspace\pythonplayground\aetherstore\.venv\Lib\site-packages\kombu\transport\virtual\base.py", line 614, in basic_publish
    return self._put(routing_key, message, **kwargs)
           ~~~~~~~~~^^^^^^^^^^^^^^^^^^^^^^^^^^^^^^^^
  File "C:\Users\stanl\Desktop\vscodeworkspace\pythonplayground\aetherstore\.venv\Lib\site-packages\kombu\transport\redis.py", line 1039, in _put
    client.lpush(self._q_for_pri(queue, pri), dumps(message))
    ~~~~~~~~~~~~^^^^^^^^^^^^^^^^^^^^^^^^^^^^^^^^^^^^^^^^^^^^^
  File "C:\Users\stanl\Desktop\vscodeworkspace\pythonplayground\aetherstore\.venv\Lib\site-packages\redis\commands\core.py", line 3057, in lpush
    return self.execute_command("LPUSH", name, *values)
           ~~~~~~~~~~~~~~~~~~~~^^^^^^^^^^^^^^^^^^^^^^^^
  File "C:\Users\stanl\Desktop\vscodeworkspace\pythonplayground\aetherstore\.venv\Lib\site-packages\redis\client.py", line 716, in execute_command
    return self._execute_command(*args, **options)
           ~~~~~~~~~~~~~~~~~~~~~^^^^^^^^^^^^^^^^^^
  File "C:\Users\stanl\Desktop\vscodeworkspace\pythonplayground\aetherstore\.venv\Lib\site-packages\redis\client.py", line 736, in _execute_command
    result = conn.retry.call_with_retry(
        lambda: self._send_command_parse_response(
    ...<3 lines>...
        with_failure_count=True,
    )
  File "C:\Users\stanl\Desktop\vscodeworkspace\pythonplayground\aetherstore\.venv\Lib\site-packages\redis\retry.py", line 132, in call_with_retry
    raise error
  File "C:\Users\stanl\Desktop\vscodeworkspace\pythonplayground\aetherstore\.venv\Lib\site-packages\redis\retry.py", line 120, in call_with_retry
    return do()
  File "C:\Users\stanl\Desktop\vscodeworkspace\pythonplayground\aetherstore\.venv\Lib\site-packages\redis\client.py", line 737, in <lambda>
    lambda: self._send_command_parse_response(
            ~~~~~~~~~~~~~~~~~~~~~~~~~~~~~~~~~^
        conn, command_name, *args, **options
        ^^^^^^^^^^^^^^^^^^^^^^^^^^^^^^^^^^^^
    ),
    ^
  File "C:\Users\stanl\Desktop\vscodeworkspace\pythonplayground\aetherstore\.venv\Lib\site-packages\redis\client.py", line 681, in _send_command_parse_response
    conn.send_command(*args, **options)
    ~~~~~~~~~~~~~~~~~^^^^^^^^^^^^^^^^^^
  File "C:\Users\stanl\Desktop\vscodeworkspace\pythonplayground\aetherstore\.venv\Lib\site-packages\redis\connection.py", line 1302, in send_command
    self.send_packed_command(
    ~~~~~~~~~~~~~~~~~~~~~~~~^
        self._command_packer.pack(*args),
        ^^^^^^^^^^^^^^^^^^^^^^^^^^^^^^^^^
        check_health=kwargs.get("check_health", True),
        ^^^^^^^^^^^^^^^^^^^^^^^^^^^^^^^^^^^^^^^^^^^^^^
    )
    ^
  File "C:\Users\stanl\Desktop\vscodeworkspace\pythonplayground\aetherstore\.venv\Lib\site-packages\redis\connection.py", line 1291, in send_packed_command
    raise ConnectionError(f"Error {errno} while writing to socket. {errmsg}.")
redis.exceptions.ConnectionError: Error 10054 while writing to socket. An existing connection was forcibly closed by the remote host.

The above exception was the direct cause of the following exception:

Traceback (most recent call last):
  File "C:\Users\stanl\Desktop\vscodeworkspace\pythonplayground\aetherstore\apps\storage\views.py", line 73, in post
    task = process_upload.delay(
        object_id=None,
    ...<4 lines>...
        filename=file_obj.name
    )
  File "C:\Users\stanl\Desktop\vscodeworkspace\pythonplayground\aetherstore\.venv\Lib\site-packages\celery\app\task.py", line 444, in delay
    return self.apply_async(args, kwargs)
           ~~~~~~~~~~~~~~~~^^^^^^^^^^^^^^
  File "C:\Users\stanl\Desktop\vscodeworkspace\pythonplayground\aetherstore\.venv\Lib\site-packages\celery\app\task.py", line 608, in apply_async
    return app.send_task(
           ~~~~~~~~~~~~~^
        self.name, args, kwargs, task_id=task_id, producer=producer,
        ^^^^^^^^^^^^^^^^^^^^^^^^^^^^^^^^^^^^^^^^^^^^^^^^^^^^^^^^^^^^
    ...<2 lines>...
        **options
        ^^^^^^^^^
    )
    ^
  File "C:\Users\stanl\Desktop\vscodeworkspace\pythonplayground\aetherstore\.venv\Lib\site-packages\celery\app\base.py", line 947, in send_task
    amqp.send_task_message(P, name, message, **options)
    ~~~~~~~~~~~~~~~~~~~~~~^^^^^^^^^^^^^^^^^^^^^^^^^^^^^
  File "C:\Users\stanl\Desktop\vscodeworkspace\pythonplayground\aetherstore\.venv\Lib\site-packages\celery\app\amqp.py", line 559, in send_task_message
    ret = producer.publish(
        body,
    ...<8 lines>...
        **properties
    )
  File "C:\Users\stanl\Desktop\vscodeworkspace\pythonplayground\aetherstore\.venv\Lib\site-packages\kombu\messaging.py", line 190, in publish
    return _publish(
        body, priority, content_type, content_encoding,
        headers, properties, routing_key, mandatory, immediate,
        exchange_name, declare, timeout, confirm_timeout, retry, retry_policy
    )
  File "C:\Users\stanl\Desktop\vscodeworkspace\pythonplayground\aetherstore\.venv\Lib\site-packages\kombu\connection.py", line 555, in _ensured
    with self._reraise_as_library_errors():
         ~~~~~~~~~~~~~~~~~~~~~~~~~~~~~~~^^
  File "C:\Python314\Lib\contextlib.py", line 162, in __exit__
    self.gen.throw(value)
    ~~~~~~~~~~~~~~^^^^^^^
  File "C:\Users\stanl\Desktop\vscodeworkspace\pythonplayground\aetherstore\.venv\Lib\site-packages\kombu\connection.py", line 478, in _reraise_as_library_errors
    raise ConnectionError(str(exc)) from exc
kombu.exceptions.OperationalError: Error 10054 while writing to socket. An existing connection was forcibly closed by the remote host.
2026-03-09 18:52:56,439 [ERROR] django.request: Internal Server Error: /api/v1/storage/upload/personal/
2026-03-09 18:52:56,440 [ERROR] django.server: "POST /api/v1/storage/upload/personal/ HTTP/1.1" 500 133
2026-03-09 18:53:22,666 [INFO] django.server: "GET /api/v1/messaging/conversations/6315774b-1505-49f1-b23a-6950768ce283/ HTTP/1.1" 200 10663
2026-03-09 18:53:23,503 [INFO] django.server: "GET /api/v1/messaging/inbox/dht/ HTTP/1.1" 200 654
2026-03-09 18:53:26,401 [INFO] apps.storage.engine: ReedSolomon initialized: 5+2 (reedsolo)
2026-03-09 18:53:26,440 [INFO] apps.storage.views: Upload queued: aethernode-console.log (1824 bytes) -> personal
2026-03-09 18:53:26,467 [INFO] django.server: "POST /api/v1/storage/upload/personal/ HTTP/1.1" 202 294
2026-03-09 18:53:28,656 [INFO] django.server: "GET /api/v1/storage/objects/?page=1&page_size=100&sort=-created_at HTTP/1.1" 200 834
2026-03-09 18:54:22,964 [INFO] django.server: "GET /api/v1/messaging/conversations/6315774b-1505-49f1-b23a-6950768ce283/ HTTP/1.1" 200 10663
2026-03-09 18:54:24,145 [INFO] django.server: "GET /api/v1/messaging/inbox/dht/ HTTP/1.1" 200 654
2026-03-09 18:55:22,830 [INFO] django.server: "GET /api/v1/messaging/conversations/6315774b-1505-49f1-b23a-6950768ce283/ HTTP/1.1" 200 10663
2026-03-09 18:55:23,829 [INFO] django.server: "GET /api/v1/messaging/inbox/dht/ HTTP/1.1" 200 654
2026-03-09 18:55:26,505 [INFO] django.server: "GET /api/v1/storage/objects/?page=1&page_size=100&sort=-created_at HTTP/1.1" 200 1193
2026-03-09 18:55:29,984 [INFO] django.server: "OPTIONS /api/v1/storage/download/2d6b91db-2018-4f97-9c10-283b3c0a4f5a/ HTTP/1.1" 200 0
2026-03-09 18:55:30,084 [INFO] apps.storage.views: Async download triggered for object 2d6b91db-2018-4f97-9c10-283b3c0a4f5a
2026-03-09 18:55:30,094 [INFO] django.server: "GET /api/v1/storage/download/2d6b91db-2018-4f97-9c10-283b3c0a4f5a/ HTTP/1.1" 202 213
2026-03-09 18:56:22,642 [INFO] django.server: "GET /api/v1/messaging/conversations/6315774b-1505-49f1-b23a-6950768ce283/ HTTP/1.1" 200 10663
2026-03-09 18:56:23,431 [INFO] django.server: "GET /api/v1/messaging/inbox/dht/ HTTP/1.1" 200 654
2026-03-09 18:57:19,502 [INFO] apps.storage.views: Upload queued: WhatsApp Image 2026-03-09 at 12.04.39.jpeg (109250 bytes) -> personal
2026-03-09 18:57:19,505 [INFO] django.server: "POST /api/v1/storage/upload/personal/ HTTP/1.1" 202 302
2026-03-09 18:57:22,639 [INFO] django.server: "GET /api/v1/storage/objects/?page=1&page_size=100&sort=-created_at HTTP/1.1" 200 1193
2026-03-09 18:57:22,650 [INFO] django.server: "GET /api/v1/messaging/conversations/6315774b-1505-49f1-b23a-6950768ce283/ HTTP/1.1" 200 10663
2026-03-09 18:57:23,564 [INFO] django.server: "GET /api/v1/messaging/inbox/dht/ HTTP/1.1" 200 654
2026-03-09 18:57:25,820 [WARNING] apps.p2p.services.node_monitor: Node node-5 unhealthy: Connection failed: [WinError 10061] No connection could be made because the target machine actively refused it
2026-03-09 18:58:21,267 [INFO] django.server: "GET /api/v1/storage/objects/?page=1&page_size=100&sort=-created_at HTTP/1.1" 200 1562
2026-03-09 18:58:22,626 [INFO] django.server: "GET /api/v1/messaging/conversations/6315774b-1505-49f1-b23a-6950768ce283/ HTTP/1.1" 200 10663
2026-03-09 18:58:23,461 [INFO] django.server: "GET /api/v1/messaging/inbox/dht/ HTTP/1.1" 200 654
2026-03-09 18:58:27,711 [INFO] django.server: "OPTIONS /api/v1/storage/download/e077aa9c-7438-4205-8191-4e8423742c35/ HTTP/1.1" 200 0
2026-03-09 18:58:27,772 [INFO] apps.storage.views: Async download triggered for object e077aa9c-7438-4205-8191-4e8423742c35
2026-03-09 18:58:27,782 [INFO] django.server: "GET /api/v1/storage/download/e077aa9c-7438-4205-8191-4e8423742c35/ HTTP/1.1" 202 235
2026-03-09 18:59:13,536 [INFO] django.server: "GET /api/v1/storage/objects/?page=1&page_size=100&sort=-created_at HTTP/1.1" 200 1562
2026-03-09 18:59:13,649 [INFO] django.server: "GET /api/v1/storage/objects/?page=1&page_size=100&sort=-created_at HTTP/1.1" 200 1562
2026-03-09 18:59:16,883 [INFO] django.server: "OPTIONS /api/v1/storage/object/e077aa9c-7438-4205-8191-4e8423742c35/presigned/ HTTP/1.1" 200 0
2026-03-09 18:59:16,990 [INFO] apps.storage.views: Presigned URL generated for encrypted object e077aa9c-7438-4205-8191-4e8423742c35 (TTL: 604800s)
2026-03-09 18:59:16,994 [INFO] django.server: "POST /api/v1/storage/object/e077aa9c-7438-4205-8191-4e8423742c35/presigned/ HTTP/1.1" 200 235
2026-03-09 18:59:22,701 [INFO] django.server: "GET /api/v1/messaging/conversations/6315774b-1505-49f1-b23a-6950768ce283/ HTTP/1.1" 200 10663
2026-03-09 18:59:24,283 [INFO] django.server: "GET /api/v1/messaging/inbox/dht/ HTTP/1.1" 200 654
2026-03-09 18:59:25,098 [WARNING] django.request: Unauthorized: /api/v1/storage/download/presigned/UbeoRGl_OOgUohSZSKEywFw_ZTaETQo73g8XPKSmSYTVyQMxZ3o27yAFa5OH1l8Q/info/
2026-03-09 18:59:25,100 [WARNING] django.server: "GET /api/v1/storage/download/presigned/UbeoRGl_OOgUohSZSKEywFw_ZTaETQo73g8XPKSmSYTVyQMxZ3o27yAFa5OH1l8Q/info/ HTTP/1.1" 401 158
2026-03-09 18:59:25,107 [WARNING] django.request: Unauthorized: /api/v1/storage/download/presigned/UbeoRGl_OOgUohSZSKEywFw_ZTaETQo73g8XPKSmSYTVyQMxZ3o27yAFa5OH1l8Q/info/
2026-03-09 18:59:25,110 [WARNING] django.server: "GET /api/v1/storage/download/presigned/UbeoRGl_OOgUohSZSKEywFw_ZTaETQo73g8XPKSmSYTVyQMxZ3o27yAFa5OH1l8Q/info/ HTTP/1.1" 401 158
2026-03-09 18:59:30,928 [WARNING] django.request: Unauthorized: /api/v1/storage/download/presigned/UbeoRGl_OOgUohSZSKEywFw_ZTaETQo73g8XPKSmSYTVyQMxZ3o27yAFa5OH1l8Q/info/
2026-03-09 18:59:30,930 [WARNING] django.server: "GET /api/v1/storage/download/presigned/UbeoRGl_OOgUohSZSKEywFw_ZTaETQo73g8XPKSmSYTVyQMxZ3o27yAFa5OH1l8Q/info/ HTTP/1.1" 401 158
2026-03-09 18:59:30,933 [WARNING] django.request: Unauthorized: /api/v1/storage/download/presigned/UbeoRGl_OOgUohSZSKEywFw_ZTaETQo73g8XPKSmSYTVyQMxZ3o27yAFa5OH1l8Q/info/
2026-03-09 18:59:30,936 [WARNING] django.server: "GET /api/v1/storage/download/presigned/UbeoRGl_OOgUohSZSKEywFw_ZTaETQo73g8XPKSmSYTVyQMxZ3o27yAFa5OH1l8Q/info/ HTTP/1.1" 401 158
2026-03-09 18:59:36,225 [INFO] django.server: "OPTIONS /api/v1/storage/object/2d6b91db-2018-4f97-9c10-283b3c0a4f5a/presigned/ HTTP/1.1" 200 0
2026-03-09 18:59:36,308 [INFO] apps.storage.views: Presigned URL generated for encrypted object 2d6b91db-2018-4f97-9c10-283b3c0a4f5a (TTL: 604800s)
2026-03-09 18:59:36,311 [INFO] django.server: "POST /api/v1/storage/object/2d6b91db-2018-4f97-9c10-283b3c0a4f5a/presigned/ HTTP/1.1" 200 233
2026-03-09 18:59:58,795 [INFO] django.server: "OPTIONS /api/v1/storage/object/41bea640-e6d5-41a8-8bb4-9f11b63ca508/presigned/ HTTP/1.1" 200 0
2026-03-09 18:59:58,860 [INFO] apps.storage.views: Presigned URL generated for encrypted object 41bea640-e6d5-41a8-8bb4-9f11b63ca508 (TTL: 604800s)
2026-03-09 18:59:58,862 [INFO] django.server: "POST /api/v1/storage/object/41bea640-e6d5-41a8-8bb4-9f11b63ca508/presigned/ HTTP/1.1" 200 233
2026-03-09 19:00:09,279 [WARNING] django.request: Unauthorized: /api/v1/storage/download/presigned/joaR3j2KSs51raiw9uK58ThRiVTZGVFTmlpeCEYVBhSwIAkz3V5pmD6hSIop4u1S/info/
2026-03-09 19:00:09,285 [WARNING] django.server: "GET /api/v1/storage/download/presigned/joaR3j2KSs51raiw9uK58ThRiVTZGVFTmlpeCEYVBhSwIAkz3V5pmD6hSIop4u1S/info/ HTTP/1.1" 401 158
2026-03-09 19:00:09,289 [WARNING] django.request: Unauthorized: /api/v1/storage/download/presigned/joaR3j2KSs51raiw9uK58ThRiVTZGVFTmlpeCEYVBhSwIAkz3V5pmD6hSIop4u1S/info/
2026-03-09 19:00:09,291 [WARNING] django.server: "GET /api/v1/storage/download/presigned/joaR3j2KSs51raiw9uK58ThRiVTZGVFTmlpeCEYVBhSwIAkz3V5pmD6hSIop4u1S/info/ HTTP/1.1" 401 158
2026-03-09 19:00:22,670 [INFO] django.server: "GET /api/v1/messaging/conversations/6315774b-1505-49f1-b23a-6950768ce283/ HTTP/1.1" 200 10663
2026-03-09 19:00:23,918 [INFO] django.server: "GET /api/v1/messaging/inbox/dht/ HTTP/1.1" 200 654
2026-03-09 19:00:56,695 [INFO] django.server: "OPTIONS /api/v1/storage/objects/?deleted=true&sort=-created_at HTTP/1.1" 200 0
2026-03-09 19:00:56,698 [INFO] django.server: "OPTIONS /api/v1/storage/objects/?deleted=true&sort=-created_at HTTP/1.1" 200 0
2026-03-09 19:00:56,782 [INFO] django.server: "GET /api/v1/storage/objects/?deleted=true&sort=-created_at HTTP/1.1" 200 146
2026-03-09 19:00:56,851 [INFO] django.server: "GET /api/v1/storage/objects/?deleted=true&sort=-created_at HTTP/1.1" 200 146
2026-03-09 19:01:05,091 [INFO] django.server: "GET /api/v1/storage/objects/?page=1&page_size=100&sort=-created_at HTTP/1.1" 200 1562
2026-03-09 19:01:05,191 [INFO] django.server: "GET /api/v1/storage/objects/?page=1&page_size=100&sort=-created_at HTTP/1.1" 200 1562
2026-03-09 19:01:22,630 [INFO] django.server: "GET /api/v1/messaging/conversations/6315774b-1505-49f1-b23a-6950768ce283/ HTTP/1.1" 200 10663
2026-03-09 19:01:23,480 [INFO] django.server: "GET /api/v1/messaging/inbox/dht/ HTTP/1.1" 200 654
2026-03-09 19:01:36,592 [INFO] apps.storage.views: Upload queued: shakespear.txt (5436539 bytes) -> personal
2026-03-09 19:01:36,615 [INFO] django.server: "POST /api/v1/storage/upload/personal/ HTTP/1.1" 202 275
2026-03-09 19:01:39,619 [INFO] django.server: "GET /api/v1/storage/objects/?page=1&page_size=100&sort=-created_at HTTP/1.1" 200 1562
2026-03-09 19:02:22,670 [INFO] django.server: "GET /api/v1/messaging/conversations/6315774b-1505-49f1-b23a-6950768ce283/ HTTP/1.1" 200 10663
2026-03-09 19:02:22,962 [INFO] django.server: "GET /api/v1/storage/objects/?page=1&page_size=100&sort=-created_at HTTP/1.1" 200 1562
2026-03-09 19:02:23,720 [INFO] django.server: "GET /api/v1/messaging/inbox/dht/ HTTP/1.1" 200 654
2026-03-09 19:02:25,376 [INFO] django.server: "GET /api/v1/storage/objects/?page=1&page_size=100&sort=-created_at HTTP/1.1" 200 1562
2026-03-09 19:02:25,791 [INFO] django.server: "GET /api/v1/storage/objects/?page=1&page_size=100&sort=-created_at HTTP/1.1" 200 1562
2026-03-09 19:02:26,211 [INFO] django.server: "GET /api/v1/storage/objects/?page=1&page_size=100&sort=-created_at HTTP/1.1" 200 1562
2026-03-09 19:02:26,667 [INFO] django.server: "GET /api/v1/storage/objects/?page=1&page_size=100&sort=-created_at HTTP/1.1" 200 1562
2026-03-09 19:02:27,128 [INFO] django.server: "GET /api/v1/storage/objects/?page=1&page_size=100&sort=-created_at HTTP/1.1" 200 1562
2026-03-09 19:02:27,622 [INFO] django.server: "GET /api/v1/storage/objects/?page=1&page_size=100&sort=-created_at HTTP/1.1" 200 1562
2026-03-09 19:02:58,544 [INFO] django.server: "GET /api/v1/storage/objects/?page=1&page_size=100&sort=-created_at HTTP/1.1" 200 1562
2026-03-09 19:02:59,839 [INFO] django.server: "GET /api/v1/storage/objects/?page=1&page_size=100&sort=-created_at HTTP/1.1" 200 1562
2026-03-09 19:03:23,161 [INFO] django.server: "GET /api/v1/messaging/conversations/6315774b-1505-49f1-b23a-6950768ce283/ HTTP/1.1" 200 10663
2026-03-09 19:03:25,618 [INFO] django.server: "GET /api/v1/messaging/inbox/dht/ HTTP/1.1" 200 654
2026-03-09 19:04:23,084 [INFO] django.server: "GET /api/v1/messaging/conversations/6315774b-1505-49f1-b23a-6950768ce283/ HTTP/1.1" 200 10663
2026-03-09 19:04:25,240 [INFO] django.server: "GET /api/v1/messaging/inbox/dht/ HTTP/1.1" 200 654
2026-03-09 19:04:49,527 [INFO] django.server: "GET /api/v1/storage/objects/?page=1&page_size=100&sort=-created_at HTTP/1.1" 200 1562
2026-03-09 19:04:51,576 [INFO] django.server: "GET /api/v1/storage/objects/?page=1&page_size=100&sort=-created_at HTTP/1.1" 200 1562
2026-03-09 19:04:52,127 [INFO] django.server: "GET /api/v1/storage/objects/?page=1&page_size=100&sort=-created_at HTTP/1.1" 200 1562
2026-03-09 19:04:52,558 [INFO] django.server: "GET /api/v1/storage/objects/?page=1&page_size=100&sort=-created_at HTTP/1.1" 200 1562
2026-03-09 19:04:53,037 [INFO] django.server: "GET /api/v1/storage/objects/?page=1&page_size=100&sort=-created_at HTTP/1.1" 200 1562
2026-03-09 19:04:54,762 [INFO] apps.storage.views: Async download triggered for object e077aa9c-7438-4205-8191-4e8423742c35
2026-03-09 19:04:54,778 [INFO] django.server: "GET /api/v1/storage/download/e077aa9c-7438-4205-8191-4e8423742c35/ HTTP/1.1" 202 235
2026-03-09 19:05:22,620 [INFO] django.server: "GET /api/v1/messaging/conversations/6315774b-1505-49f1-b23a-6950768ce283/ HTTP/1.1" 200 10663
2026-03-09 19:05:23,449 [INFO] django.server: "GET /api/v1/messaging/inbox/dht/ HTTP/1.1" 200 654
2026-03-09 19:06:22,624 [INFO] django.server: "GET /api/v1/messaging/conversations/6315774b-1505-49f1-b23a-6950768ce283/ HTTP/1.1" 200 10663
2026-03-09 19:06:23,431 [INFO] django.server: "GET /api/v1/messaging/inbox/dht/ HTTP/1.1" 200 654
2026-03-09 19:06:49,422 [INFO] django.server: "GET /api/v1/storage/objects/?page=1&page_size=100&sort=-created_at HTTP/1.1" 200 1562
2026-03-09 19:07:03,152 [INFO] django.server: "GET /api/v1/storage/objects/?page=1&page_size=100&sort=-created_at HTTP/1.1" 200 1562
2026-03-09 19:07:22,626 [INFO] django.server: "GET /api/v1/messaging/conversations/6315774b-1505-49f1-b23a-6950768ce283/ HTTP/1.1" 200 10663
2026-03-09 19:07:23,547 [INFO] django.server: "GET /api/v1/messaging/inbox/dht/ HTTP/1.1" 200 654
2026-03-09 19:08:22,655 [INFO] django.server: "GET /api/v1/messaging/conversations/6315774b-1505-49f1-b23a-6950768ce283/ HTTP/1.1" 200 10663
2026-03-09 19:08:23,674 [INFO] django.server: "GET /api/v1/messaging/inbox/dht/ HTTP/1.1" 200 654
2026-03-09 19:09:22,641 [INFO] django.server: "GET /api/v1/messaging/conversations/6315774b-1505-49f1-b23a-6950768ce283/ HTTP/1.1" 200 10663
2026-03-09 19:09:23,710 [INFO] django.server: "GET /api/v1/messaging/inbox/dht/ HTTP/1.1" 200 654
2026-03-09 19:09:39,409 [INFO] django.server: "GET /api/v1/storage/objects/?page=1&page_size=100&sort=-created_at HTTP/1.1" 200 1562
2026-03-09 19:09:40,252 [INFO] django.server: "GET /api/v1/storage/objects/?page=1&page_size=100&sort=-created_at HTTP/1.1" 200 1562
2026-03-09 19:09:59,718 [INFO] django.server: "GET /api/v1/storage/objects/?page=1&page_size=100&sort=-created_at HTTP/1.1" 200 1562
2026-03-09 19:10:07,930 [INFO] django.server: "OPTIONS /api/v1/storage/download/41bea640-e6d5-41a8-8bb4-9f11b63ca508/ HTTP/1.1" 200 0
2026-03-09 19:10:08,025 [INFO] apps.storage.views: Async download triggered for object 41bea640-e6d5-41a8-8bb4-9f11b63ca508
2026-03-09 19:10:08,034 [INFO] django.server: "GET /api/v1/storage/download/41bea640-e6d5-41a8-8bb4-9f11b63ca508/ HTTP/1.1" 202 200
2026-03-09 19:10:19,226 [INFO] django.server: "OPTIONS /api/v1/storage/object/e077aa9c-7438-4205-8191-4e8423742c35/ HTTP/1.1" 200 0
2026-03-09 19:10:19,354 [INFO] apps.storage.views: Object e077aa9c-7438-4205-8191-4e8423742c35 soft-deleted by did:aether:ath123b2bb4dd3eb594e84deabd1cba468c75d4dba9b
2026-03-09 19:10:19,365 [INFO] django.server: "DELETE /api/v1/storage/object/e077aa9c-7438-4205-8191-4e8423742c35/ HTTP/1.1" 202 118
2026-03-09 19:10:21,997 [INFO] django.server: "OPTIONS /api/v1/storage/object/2d6b91db-2018-4f97-9c10-283b3c0a4f5a/ HTTP/1.1" 200 0
2026-03-09 19:10:22,167 [INFO] apps.storage.views: Object 2d6b91db-2018-4f97-9c10-283b3c0a4f5a soft-deleted by did:aether:ath123b2bb4dd3eb594e84deabd1cba468c75d4dba9b
2026-03-09 19:10:22,185 [INFO] django.server: "DELETE /api/v1/storage/object/2d6b91db-2018-4f97-9c10-283b3c0a4f5a/ HTTP/1.1" 202 118
2026-03-09 19:10:22,673 [INFO] django.server: "GET /api/v1/messaging/conversations/6315774b-1505-49f1-b23a-6950768ce283/ HTTP/1.1" 200 10663
2026-03-09 19:10:23,710 [INFO] django.server: "GET /api/v1/messaging/inbox/dht/ HTTP/1.1" 200 654
2026-03-09 19:10:26,775 [INFO] django.server: "OPTIONS /api/v1/storage/object/f7669619-d4fe-4c3a-996f-c1042693383b/ HTTP/1.1" 200 0
2026-03-09 19:10:26,903 [INFO] apps.storage.views: Object f7669619-d4fe-4c3a-996f-c1042693383b soft-deleted by did:aether:ath123b2bb4dd3eb594e84deabd1cba468c75d4dba9b
2026-03-09 19:10:26,912 [INFO] django.server: "DELETE /api/v1/storage/object/f7669619-d4fe-4c3a-996f-c1042693383b/ HTTP/1.1" 202 118
2026-03-09 19:10:32,721 [INFO] django.server: "OPTIONS /api/v1/storage/object/41bea640-e6d5-41a8-8bb4-9f11b63ca508/ HTTP/1.1" 200 0
2026-03-09 19:10:32,864 [INFO] apps.storage.views: Object 41bea640-e6d5-41a8-8bb4-9f11b63ca508 soft-deleted by did:aether:ath123b2bb4dd3eb594e84deabd1cba468c75d4dba9b
2026-03-09 19:10:32,873 [INFO] django.server: "DELETE /api/v1/storage/object/41bea640-e6d5-41a8-8bb4-9f11b63ca508/ HTTP/1.1" 202 118
2026-03-09 19:10:36,098 [INFO] django.server: "GET /api/v1/storage/objects/?deleted=true&sort=-created_at HTTP/1.1" 200 1561
2026-03-09 19:10:36,309 [INFO] django.server: "GET /api/v1/storage/objects/?deleted=true&sort=-created_at HTTP/1.1" 200 1561
2026-03-09 19:11:10,066 [INFO] django.server: "GET /api/v1/storage/objects/?page=1&page_size=100&sort=-created_at HTTP/1.1" 200 147
2026-03-09 19:11:10,287 [INFO] django.server: "GET /api/v1/storage/objects/?page=1&page_size=100&sort=-created_at HTTP/1.1" 200 147
2026-03-09 19:11:22,636 [INFO] django.server: "GET /api/v1/messaging/conversations/6315774b-1505-49f1-b23a-6950768ce283/ HTTP/1.1" 200 10663
2026-03-09 19:11:23,547 [INFO] django.server: "GET /api/v1/messaging/inbox/dht/ HTTP/1.1" 200 654
2026-03-09 19:12:22,649 [INFO] django.server: "GET /api/v1/messaging/conversations/6315774b-1505-49f1-b23a-6950768ce283/ HTTP/1.1" 200 10663
2026-03-09 19:12:23,658 [INFO] django.server: "GET /api/v1/messaging/inbox/dht/ HTTP/1.1" 200 654
2026-03-09 19:13:22,684 [INFO] django.server: "GET /api/v1/messaging/conversations/6315774b-1505-49f1-b23a-6950768ce283/ HTTP/1.1" 200 10663
2026-03-09 19:13:23,522 [INFO] django.server: "GET /api/v1/messaging/inbox/dht/ HTTP/1.1" 200 654
2026-03-09 19:14:22,623 [INFO] django.server: "GET /api/v1/messaging/conversations/6315774b-1505-49f1-b23a-6950768ce283/ HTTP/1.1" 200 10663
2026-03-09 19:14:23,389 [INFO] django.server: "GET /api/v1/messaging/inbox/dht/ HTTP/1.1" 200 654
2026-03-09 19:14:31,977 [INFO] apps.storage.views: Upload queued: .env (264 bytes) -> personal
2026-03-09 19:14:31,983 [INFO] django.server: "POST /api/v1/storage/upload/personal/ HTTP/1.1" 202 275
2026-03-09 19:14:32,133 [INFO] apps.storage.views: Upload queued: .env.example (789 bytes) -> personal
2026-03-09 19:14:32,135 [INFO] django.server: "POST /api/v1/storage/upload/personal/ HTTP/1.1" 202 283
2026-03-09 19:14:32,253 [INFO] apps.storage.views: Upload queued: .python-version (5 bytes) -> personal
2026-03-09 19:14:32,267 [INFO] django.server: "POST /api/v1/storage/upload/personal/ HTTP/1.1" 202 284
2026-03-09 19:14:32,407 [INFO] apps.storage.views: Upload queued: downloaded_test.txt (189 bytes) -> personal
2026-03-09 19:14:32,427 [INFO] django.server: "POST /api/v1/storage/upload/personal/ HTTP/1.1" 202 276
2026-03-09 19:14:32,654 [INFO] apps.storage.views: Upload queued: dreadme.md (14958 bytes) -> personal
2026-03-09 19:14:32,665 [INFO] django.server: "POST /api/v1/storage/upload/personal/ HTTP/1.1" 202 283
2026-03-09 19:14:32,720 [INFO] apps.storage.views: Upload queued: data.json (42 bytes) -> personal
2026-03-09 19:14:32,727 [INFO] django.server: "POST /api/v1/storage/upload/personal/ HTTP/1.1" 202 271
2026-03-09 19:14:32,855 [INFO] apps.storage.views: Upload queued: debug_test.py (333 bytes) -> personal
2026-03-09 19:14:32,865 [INFO] apps.storage.views: Upload queued: clean_nodes.py (459 bytes) -> personal
2026-03-09 19:14:32,867 [INFO] apps.storage.views: Upload queued: local_test.txt (49 bytes) -> personal
2026-03-09 19:14:32,871 [INFO] apps.storage.views: Upload queued: docker-compose.yml (940 bytes) -> personal
2026-03-09 19:14:32,874 [INFO] django.server: "POST /api/v1/storage/upload/personal/ HTTP/1.1" 202 273
2026-03-09 19:14:32,880 [INFO] django.server: "POST /api/v1/storage/upload/personal/ HTTP/1.1" 202 274
2026-03-09 19:14:32,879 [INFO] django.server: "POST /api/v1/storage/upload/personal/ HTTP/1.1" 202 289
2026-03-09 19:14:32,885 [INFO] django.server: "POST /api/v1/storage/upload/personal/ HTTP/1.1" 202 270
2026-03-09 19:14:33,296 [INFO] apps.storage.views: Upload queued: notes.json (188 bytes) -> personal
2026-03-09 19:14:33,300 [INFO] django.server: "POST /api/v1/storage/upload/personal/ HTTP/1.1" 202 273
2026-03-09 19:14:33,308 [INFO] apps.storage.views: Upload queued: main.py (89 bytes) -> personal
2026-03-09 19:14:33,318 [INFO] apps.storage.views: Upload queued: new_objects.json (471 bytes) -> personal
2026-03-09 19:14:33,321 [INFO] django.server: "POST /api/v1/storage/upload/personal/ HTTP/1.1" 202 266
2026-03-09 19:14:33,332 [INFO] django.server: "POST /api/v1/storage/upload/personal/ HTTP/1.1" 202 279
2026-03-09 19:14:33,334 [INFO] apps.storage.views: Upload queued: manage.py (1311 bytes) -> personal
2026-03-09 19:14:33,353 [INFO] django.server: "POST /api/v1/storage/upload/personal/ HTTP/1.1" 202 270
2026-03-09 19:14:33,546 [INFO] apps.storage.views: Upload queued: objects.json (471 bytes) -> personal
2026-03-09 19:14:33,664 [INFO] django.server: "POST /api/v1/storage/upload/personal/ HTTP/1.1" 202 275
2026-03-09 19:14:33,681 [INFO] apps.storage.views: Upload queued: partial_shakespear.txt (100000 bytes) -> personal
2026-03-09 19:14:33,704 [INFO] django.server: "POST /api/v1/storage/upload/personal/ HTTP/1.1" 202 282
2026-03-09 19:14:33,962 [INFO] apps.storage.views: Upload queued: preadme.md (14958 bytes) -> personal
2026-03-09 19:14:33,965 [INFO] django.server: "POST /api/v1/storage/upload/personal/ HTTP/1.1" 202 283
2026-03-09 19:14:34,119 [INFO] apps.storage.views: Upload queued: project_tree.py (790 bytes) -> personal
2026-03-09 19:14:34,123 [INFO] django.server: "POST /api/v1/storage/upload/personal/ HTTP/1.1" 202 275
2026-03-09 19:14:34,229 [WARNING] apps.p2p.services.node_monitor: Node 31d463897fd45ba511566f1d9422b1cda055ecec unhealthy: Connection failed: Internal Server Error
2026-03-09 19:14:34,335 [INFO] apps.storage.views: Upload queued: random.bin (10240 bytes) -> personal
2026-03-09 19:14:34,339 [INFO] django.server: "POST /api/v1/storage/upload/personal/ HTTP/1.1" 202 283
2026-03-09 19:14:34,545 [INFO] apps.storage.views: Upload queued: README.md (16401 bytes) -> personal
2026-03-09 19:14:34,548 [INFO] django.server: "POST /api/v1/storage/upload/personal/ HTTP/1.1" 202 282
2026-03-09 19:14:34,624 [INFO] apps.storage.views: Upload queued: pyproject.toml (734 bytes) -> personal
2026-03-09 19:14:34,627 [INFO] django.server: "POST /api/v1/storage/upload/personal/ HTTP/1.1" 202 285
2026-03-09 19:14:34,827 [INFO] apps.storage.views: Upload queued: real_error.txt (1131 bytes) -> personal
2026-03-09 19:14:34,850 [INFO] django.server: "POST /api/v1/storage/upload/personal/ HTTP/1.1" 202 272
2026-03-09 19:14:34,914 [INFO] apps.storage.views: Upload queued: part_aa (2718258 bytes) -> personal
2026-03-09 19:14:34,930 [INFO] django.server: "POST /api/v1/storage/upload/personal/ HTTP/1.1" 202 282
2026-03-09 19:14:34,931 [INFO] apps.storage.views: Upload queued: resolved.txt (200 bytes) -> personal
2026-03-09 19:14:34,951 [INFO] django.server: "POST /api/v1/storage/upload/personal/ HTTP/1.1" 202 269
2026-03-09 19:14:35,120 [INFO] apps.storage.views: Upload queued: resolved_shakespear.txt (26 bytes) -> personal
2026-03-09 19:14:35,132 [INFO] django.server: "POST /api/v1/storage/upload/personal/ HTTP/1.1" 202 279
2026-03-09 19:14:35,168 [INFO] apps.storage.views: Upload queued: setup_and_test_commands.md.resolved (4869 bytes) -> personal
2026-03-09 19:14:35,180 [INFO] django.server: "POST /api/v1/storage/upload/personal/ HTTP/1.1" 202 307
2026-03-09 19:14:35,607 [INFO] apps.storage.views: Upload queued: storage_architecture.md.resolved (3289 bytes) -> personal
2026-03-09 19:14:35,808 [INFO] django.server: "POST /api/v1/storage/upload/personal/ HTTP/1.1" 202 304
2026-03-09 19:14:36,030 [INFO] apps.storage.views: Upload queued: test.txt (12 bytes) -> personal
2026-03-09 19:14:36,035 [INFO] django.server: "POST /api/v1/storage/upload/personal/ HTTP/1.1" 202 264
2026-03-09 19:14:36,165 [INFO] apps.storage.views: Upload queued: part_ab (2718258 bytes) -> personal
2026-03-09 19:14:36,178 [INFO] django.server: "POST /api/v1/storage/upload/personal/ HTTP/1.1" 202 282
2026-03-09 19:14:36,375 [INFO] apps.storage.views: Upload queued: test_async.sh (1384 bytes) -> personal
2026-03-09 19:14:36,384 [INFO] django.server: "POST /api/v1/storage/upload/personal/ HTTP/1.1" 202 270
2026-03-09 19:14:36,473 [WARNING] apps.p2p.services.node_monitor: Node node-2 unhealthy: Connection failed: Internal Server Error
2026-03-09 19:14:36,505 [INFO] apps.storage.views: Upload queued: test_crypto_transfer.py (2758 bytes) -> personal
2026-03-09 19:14:36,510 [INFO] django.server: "POST /api/v1/storage/upload/personal/ HTTP/1.1" 202 284
2026-03-09 19:14:36,763 [INFO] apps.storage.views: Upload queued: test_db_nodes.py (342 bytes) -> personal
2026-03-09 19:14:36,767 [INFO] django.server: "POST /api/v1/storage/upload/personal/ HTTP/1.1" 202 276
2026-03-09 19:14:36,862 [INFO] apps.storage.views: Upload queued: test_endpoints.py (470 bytes) -> personal
2026-03-09 19:14:36,865 [INFO] django.server: "POST /api/v1/storage/upload/personal/ HTTP/1.1" 202 277
2026-03-09 19:14:36,965 [INFO] apps.storage.views: Upload queued: downloaded_shakespear.txt (5436493 bytes) -> personal
2026-03-09 19:14:36,966 [INFO] apps.storage.views: Upload queued: test_file.txt (42 bytes) -> personal
2026-03-09 19:14:36,972 [INFO] django.server: "POST /api/v1/storage/upload/personal/ HTTP/1.1" 202 286
2026-03-09 19:14:36,974 [INFO] django.server: "POST /api/v1/storage/upload/personal/ HTTP/1.1" 202 269
2026-03-09 19:14:37,188 [INFO] apps.storage.views: Upload queued: test_messaging.sh (475 bytes) -> personal
2026-03-09 19:14:37,195 [INFO] django.server: "POST /api/v1/storage/upload/personal/ HTTP/1.1" 202 273
2026-03-09 19:14:37,303 [INFO] apps.storage.views: Upload queued: test_node_upload.py (487 bytes) -> personal
2026-03-09 19:14:37,306 [INFO] django.server: "POST /api/v1/storage/upload/personal/ HTTP/1.1" 202 279
2026-03-09 19:14:37,322 [INFO] apps.storage.views: Upload queued: test_names.py (1143 bytes) -> personal
2026-03-09 19:14:37,327 [INFO] django.server: "POST /api/v1/storage/upload/personal/ HTTP/1.1" 202 274
2026-03-09 19:14:37,359 [INFO] apps.storage.views: Upload queued: final_shakespear.txt (5436474 bytes) -> personal
2026-03-09 19:14:37,378 [INFO] django.server: "POST /api/v1/storage/upload/personal/ HTTP/1.1" 202 281
2026-03-09 19:14:37,503 [INFO] apps.storage.views: Upload queued: test_node_upload_bytearray.py (549 bytes) -> personal
2026-03-09 19:14:37,506 [INFO] django.server: "POST /api/v1/storage/upload/personal/ HTTP/1.1" 202 289
2026-03-09 19:14:37,569 [INFO] apps.storage.views: Upload queued: test_real_chunk.py (1168 bytes) -> personal
2026-03-09 19:14:37,573 [INFO] django.server: "POST /api/v1/storage/upload/personal/ HTTP/1.1" 202 279
2026-03-09 19:14:37,612 [INFO] apps.storage.views: Upload queued: test_ring.py (774 bytes) -> personal
2026-03-09 19:14:37,618 [INFO] django.server: "POST /api/v1/storage/upload/personal/ HTTP/1.1" 202 272
2026-03-09 19:14:37,732 [INFO] apps.storage.views: Upload queued: test_rs.py (722 bytes) -> personal
2026-03-09 19:14:37,737 [INFO] django.server: "POST /api/v1/storage/upload/personal/ HTTP/1.1" 202 270
2026-03-09 19:14:37,805 [INFO] apps.storage.views: Upload queued: test_ring2.py (677 bytes) -> personal
2026-03-09 19:14:37,815 [INFO] django.server: "POST /api/v1/storage/upload/personal/ HTTP/1.1" 202 273
2026-03-09 19:14:37,858 [INFO] apps.storage.views: Upload queued: test_upload.sh (1159 bytes) -> personal
2026-03-09 19:14:37,864 [INFO] django.server: "POST /api/v1/storage/upload/personal/ HTTP/1.1" 202 271
2026-03-09 19:14:37,956 [INFO] apps.storage.views: Upload queued: test_upload.py (706 bytes) -> personal
2026-03-09 19:14:37,960 [INFO] django.server: "POST /api/v1/storage/upload/personal/ HTTP/1.1" 202 274
2026-03-09 19:14:38,095 [INFO] apps.storage.views: Upload queued: test_versions.py (1862 bytes) -> personal
2026-03-09 19:14:38,117 [INFO] django.server: "POST /api/v1/storage/upload/personal/ HTTP/1.1" 202 277
2026-03-09 19:14:38,266 [INFO] django.server: "GET /api/v1/storage/objects/?page=1&page_size=100&sort=-created_at HTTP/1.1" 200 147
2026-03-09 19:14:38,334 [INFO] apps.storage.views: Upload queued: uv.lock (162625 bytes) -> personal
2026-03-09 19:14:38,342 [INFO] django.server: "POST /api/v1/storage/upload/personal/ HTTP/1.1" 202 281
2026-03-09 19:14:38,690 [INFO] django.server: "GET /api/v1/storage/objects/?page=1&page_size=100&sort=-created_at HTTP/1.1" 200 147
2026-03-09 19:14:38,703 [INFO] apps.storage.views: Upload queued: resolved_v1.txt (5436516 bytes) -> personal
2026-03-09 19:14:38,717 [INFO] django.server: "POST /api/v1/storage/upload/personal/ HTTP/1.1" 202 276
2026-03-09 19:14:38,726 [WARNING] apps.p2p.services.node_monitor: Node node-3 unhealthy: Connection failed: Internal Server Error
2026-03-09 19:14:38,873 [INFO] apps.storage.views: Upload queued: shakespear.txt (5436539 bytes) -> personal
2026-03-09 19:14:38,885 [INFO] django.server: "POST /api/v1/storage/upload/personal/ HTTP/1.1" 202 275
2026-03-09 19:14:38,898 [INFO] django.server: "GET /api/v1/storage/objects/?page=1&page_size=100&sort=-created_at HTTP/1.1" 200 147
2026-03-09 19:14:39,038 [INFO] django.server: "GET /api/v1/storage/objects/?page=1&page_size=100&sort=-created_at HTTP/1.1" 200 147
2026-03-09 19:14:39,220 [INFO] django.server: "GET /api/v1/storage/objects/?page=1&page_size=100&sort=-created_at HTTP/1.1" 200 147
2026-03-09 19:14:39,346 [INFO] django.server: "GET /api/v1/storage/objects/?page=1&page_size=100&sort=-created_at HTTP/1.1" 200 147
2026-03-09 19:14:39,489 [INFO] django.server: "GET /api/v1/storage/objects/?page=1&page_size=100&sort=-created_at HTTP/1.1" 200 147
2026-03-09 19:14:39,637 [INFO] django.server: "GET /api/v1/storage/objects/?page=1&page_size=100&sort=-created_at HTTP/1.1" 200 147
2026-03-09 19:14:39,752 [INFO] django.server: "GET /api/v1/storage/objects/?page=1&page_size=100&sort=-created_at HTTP/1.1" 200 147
2026-03-09 19:14:39,913 [INFO] django.server: "GET /api/v1/storage/objects/?page=1&page_size=100&sort=-created_at HTTP/1.1" 200 147
2026-03-09 19:14:40,061 [INFO] django.server: "GET /api/v1/storage/objects/?page=1&page_size=100&sort=-created_at HTTP/1.1" 200 147
2026-03-09 19:14:40,235 [INFO] django.server: "GET /api/v1/storage/objects/?page=1&page_size=100&sort=-created_at HTTP/1.1" 200 147
2026-03-09 19:14:40,307 [INFO] apps.storage.views: Upload queued: v1_shakespear.txt (5436516 bytes) -> personal
2026-03-09 19:14:40,311 [INFO] django.server: "POST /api/v1/storage/upload/personal/ HTTP/1.1" 202 278
2026-03-09 19:14:40,354 [INFO] django.server: "GET /api/v1/storage/objects/?page=1&page_size=100&sort=-created_at HTTP/1.1" 200 147
2026-03-09 19:14:40,437 [INFO] django.server: "GET /api/v1/storage/objects/?page=1&page_size=100&sort=-created_at HTTP/1.1" 200 147
2026-03-09 19:14:40,515 [INFO] django.server: "GET /api/v1/storage/objects/?page=1&page_size=100&sort=-created_at HTTP/1.1" 200 147
2026-03-09 19:14:40,583 [INFO] django.server: "GET /api/v1/storage/objects/?page=1&page_size=100&sort=-created_at HTTP/1.1" 200 147
2026-03-09 19:14:40,735 [INFO] django.server: "GET /api/v1/storage/objects/?page=1&page_size=100&sort=-created_at HTTP/1.1" 200 147
2026-03-09 19:14:40,855 [INFO] django.server: "GET /api/v1/storage/objects/?page=1&page_size=100&sort=-created_at HTTP/1.1" 200 147
2026-03-09 19:14:40,899 [WARNING] apps.p2p.services.node_monitor: Node node-1 unhealthy: Connection failed: Internal Server Error
2026-03-09 19:14:40,952 [INFO] django.server: "GET /api/v1/storage/objects/?page=1&page_size=100&sort=-created_at HTTP/1.1" 200 147
2026-03-09 19:14:41,030 [INFO] django.server: "GET /api/v1/storage/objects/?page=1&page_size=100&sort=-created_at HTTP/1.1" 200 147
2026-03-09 19:14:41,100 [INFO] django.server: "GET /api/v1/storage/objects/?page=1&page_size=100&sort=-created_at HTTP/1.1" 200 147
2026-03-09 19:14:41,167 [INFO] django.server: "GET /api/v1/storage/objects/?page=1&page_size=100&sort=-created_at HTTP/1.1" 200 147
2026-03-09 19:14:41,245 [INFO] django.server: "GET /api/v1/storage/objects/?page=1&page_size=100&sort=-created_at HTTP/1.1" 200 147
2026-03-09 19:14:41,319 [INFO] django.server: "GET /api/v1/storage/objects/?page=1&page_size=100&sort=-created_at HTTP/1.1" 200 147
2026-03-09 19:14:41,423 [INFO] django.server: "GET /api/v1/storage/objects/?page=1&page_size=100&sort=-created_at HTTP/1.1" 200 147
2026-03-09 19:14:41,505 [INFO] django.server: "GET /api/v1/storage/objects/?page=1&page_size=100&sort=-created_at HTTP/1.1" 200 147
2026-03-09 19:14:41,625 [INFO] django.server: "GET /api/v1/storage/objects/?page=1&page_size=100&sort=-created_at HTTP/1.1" 200 147
2026-03-09 19:14:41,696 [INFO] django.server: "GET /api/v1/storage/objects/?page=1&page_size=100&sort=-created_at HTTP/1.1" 200 147
2026-03-09 19:14:41,778 [INFO] django.server: "GET /api/v1/storage/objects/?page=1&page_size=100&sort=-created_at HTTP/1.1" 200 147
2026-03-09 19:14:41,850 [INFO] django.server: "GET /api/v1/storage/objects/?page=1&page_size=100&sort=-created_at HTTP/1.1" 200 147
2026-03-09 19:14:41,921 [INFO] django.server: "GET /api/v1/storage/objects/?page=1&page_size=100&sort=-created_at HTTP/1.1" 200 147
2026-03-09 19:14:42,001 [INFO] django.server: "GET /api/v1/storage/objects/?page=1&page_size=100&sort=-created_at HTTP/1.1" 200 147
2026-03-09 19:14:42,071 [INFO] django.server: "GET /api/v1/storage/objects/?page=1&page_size=100&sort=-created_at HTTP/1.1" 200 147
2026-03-09 19:14:42,136 [INFO] django.server: "GET /api/v1/storage/objects/?page=1&page_size=100&sort=-created_at HTTP/1.1" 200 147
2026-03-09 19:14:42,247 [INFO] django.server: "GET /api/v1/storage/objects/?page=1&page_size=100&sort=-created_at HTTP/1.1" 200 147
2026-03-09 19:14:42,309 [INFO] django.server: "GET /api/v1/storage/objects/?page=1&page_size=100&sort=-created_at HTTP/1.1" 200 147
2026-03-09 19:14:42,376 [INFO] django.server: "GET /api/v1/storage/objects/?page=1&page_size=100&sort=-created_at HTTP/1.1" 200 147
2026-03-09 19:14:42,448 [INFO] django.server: "GET /api/v1/storage/objects/?page=1&page_size=100&sort=-created_at HTTP/1.1" 200 147
2026-03-09 19:14:42,516 [INFO] django.server: "GET /api/v1/storage/objects/?page=1&page_size=100&sort=-created_at HTTP/1.1" 200 147
2026-03-09 19:14:42,594 [INFO] django.server: "GET /api/v1/storage/objects/?page=1&page_size=100&sort=-created_at HTTP/1.1" 200 147
2026-03-09 19:14:42,675 [INFO] django.server: "GET /api/v1/storage/objects/?page=1&page_size=100&sort=-created_at HTTP/1.1" 200 147
2026-03-09 19:14:42,751 [INFO] django.server: "GET /api/v1/storage/objects/?page=1&page_size=100&sort=-created_at HTTP/1.1" 200 147
2026-03-09 19:14:42,822 [INFO] django.server: "GET /api/v1/storage/objects/?page=1&page_size=100&sort=-created_at HTTP/1.1" 200 147
2026-03-09 19:14:42,888 [INFO] django.server: "GET /api/v1/storage/objects/?page=1&page_size=100&sort=-created_at HTTP/1.1" 200 147
2026-03-09 19:14:42,956 [INFO] django.server: "GET /api/v1/storage/objects/?page=1&page_size=100&sort=-created_at HTTP/1.1" 200 147
2026-03-09 19:14:43,030 [INFO] django.server: "GET /api/v1/storage/objects/?page=1&page_size=100&sort=-created_at HTTP/1.1" 200 147
2026-03-09 19:14:43,053 [WARNING] apps.p2p.services.node_monitor: Node node-4 unhealthy: Connection failed: Internal Server Error
2026-03-09 19:14:43,104 [INFO] django.server: "GET /api/v1/storage/objects/?page=1&page_size=100&sort=-created_at HTTP/1.1" 200 147
2026-03-09 19:14:43,171 [INFO] django.server: "GET /api/v1/storage/objects/?page=1&page_size=100&sort=-created_at HTTP/1.1" 200 147
2026-03-09 19:14:43,283 [INFO] django.server: "GET /api/v1/storage/objects/?page=1&page_size=100&sort=-created_at HTTP/1.1" 200 147
2026-03-09 19:14:43,437 [INFO] django.server: "GET /api/v1/storage/objects/?page=1&page_size=100&sort=-created_at HTTP/1.1" 200 147
2026-03-09 19:14:43,552 [INFO] django.server: "GET /api/v1/storage/objects/?page=1&page_size=100&sort=-created_at HTTP/1.1" 200 147
2026-03-09 19:14:45,225 [WARNING] apps.p2p.services.node_monitor: Node 31d463897fd45ba511566f1d9422b1cda055ece unhealthy: Connection failed: Internal Server Error
2026-03-09 19:15:22,620 [INFO] django.server: "GET /api/v1/messaging/conversations/6315774b-1505-49f1-b23a-6950768ce283/ HTTP/1.1" 200 10663
2026-03-09 19:15:23,326 [INFO] django.server: "GET /api/v1/messaging/inbox/dht/ HTTP/1.1" 200 654
2026-03-09 19:16:22,634 [INFO] django.server: "GET /api/v1/messaging/conversations/6315774b-1505-49f1-b23a-6950768ce283/ HTTP/1.1" 200 10663
2026-03-09 19:16:23,395 [INFO] django.server: "GET /api/v1/messaging/inbox/dht/ HTTP/1.1" 200 654
2026-03-09 19:16:55,350 [INFO] django.server: "GET /api/v1/storage/objects/?page=1&page_size=100&sort=-created_at HTTP/1.1" 200 147
2026-03-09 19:17:22,630 [INFO] django.server: "GET /api/v1/messaging/conversations/6315774b-1505-49f1-b23a-6950768ce283/ HTTP/1.1" 200 10663
2026-03-09 19:17:23,468 [INFO] django.server: "GET /api/v1/messaging/inbox/dht/ HTTP/1.1" 200 654
2026-03-09 19:21:01,432 [INFO] apps.storage.engine: ReedSolomon library (reedsolo) loaded successfully
2026-03-09 19:21:05,419 [INFO] apps.storage.engine: ReedSolomon initialized: 5+2 (reedsolo)
2026-03-09 19:22:15,700 [INFO] django.utils.autoreload: Watching for file changes with StatReloader
2026-03-09 19:22:23,095 [INFO] django.server: "GET /api/v1/messaging/conversations/6315774b-1505-49f1-b23a-6950768ce283/ HTTP/1.1" 200 10663
2026-03-09 19:22:24,832 [INFO] django.server: "GET /api/v1/messaging/inbox/dht/ HTTP/1.1" 200 56
2026-03-09 19:23:03,808 [INFO] apps.storage.engine: ReedSolomon library (reedsolo) loaded successfully
2026-03-09 19:23:04,140 [INFO] apps.storage.views: Upload queued: uv.lock (162625 bytes) -> personal
2026-03-09 19:23:04,144 [INFO] django.server: "POST /api/v1/storage/upload/personal/ HTTP/1.1" 202 281
2026-03-09 19:23:06,643 [INFO] django.server: "GET /api/v1/storage/objects/?page=1&page_size=100&sort=-created_at HTTP/1.1" 200 147
2026-03-09 19:23:22,611 [INFO] django.server: "GET /api/v1/messaging/conversations/6315774b-1505-49f1-b23a-6950768ce283/ HTTP/1.1" 200 10663
2026-03-09 19:23:23,952 [INFO] django.server: "GET /api/v1/messaging/inbox/dht/ HTTP/1.1" 200 56
2026-03-09 19:24:22,617 [INFO] django.server: "GET /api/v1/messaging/conversations/6315774b-1505-49f1-b23a-6950768ce283/ HTTP/1.1" 200 10663
2026-03-09 19:24:24,261 [INFO] django.server: "GET /api/v1/messaging/inbox/dht/ HTTP/1.1" 200 56
2026-03-09 19:25:22,653 [INFO] django.server: "GET /api/v1/messaging/conversations/6315774b-1505-49f1-b23a-6950768ce283/ HTTP/1.1" 200 10663
2026-03-09 19:25:24,241 [INFO] django.server: "GET /api/v1/messaging/inbox/dht/ HTTP/1.1" 200 56
2026-03-09 19:26:22,612 [INFO] django.server: "GET /api/v1/messaging/conversations/6315774b-1505-49f1-b23a-6950768ce283/ HTTP/1.1" 200 10663
2026-03-09 19:26:24,131 [INFO] django.server: "GET /api/v1/messaging/inbox/dht/ HTTP/1.1" 200 56
2026-03-09 19:27:22,616 [INFO] django.server: "GET /api/v1/messaging/conversations/6315774b-1505-49f1-b23a-6950768ce283/ HTTP/1.1" 200 10663
2026-03-09 19:27:24,156 [INFO] django.server: "GET /api/v1/messaging/inbox/dht/ HTTP/1.1" 200 56
2026-03-09 19:27:36,679 [INFO] django.server: "GET /api/v1/storage/objects/?page=1&page_size=100&sort=-created_at HTTP/1.1" 200 147
2026-03-09 19:28:22,651 [INFO] django.server: "GET /api/v1/messaging/conversations/6315774b-1505-49f1-b23a-6950768ce283/ HTTP/1.1" 200 10663
2026-03-09 19:28:24,342 [INFO] django.server: "GET /api/v1/messaging/inbox/dht/ HTTP/1.1" 200 56
2026-03-09 19:29:18,022 [INFO] apps.storage.views: Upload queued: .env (264 bytes) -> personal
2026-03-09 19:29:18,024 [INFO] django.server: "POST /api/v1/storage/upload/personal/ HTTP/1.1" 202 275
2026-03-09 19:29:20,127 [INFO] django.server: "GET /api/v1/storage/objects/?page=1&page_size=100&sort=-created_at HTTP/1.1" 200 147
2026-03-09 19:29:22,643 [INFO] django.server: "GET /api/v1/messaging/conversations/6315774b-1505-49f1-b23a-6950768ce283/ HTTP/1.1" 200 10663
2026-03-09 19:29:24,437 [INFO] django.server: "GET /api/v1/messaging/inbox/dht/ HTTP/1.1" 200 56
2026-03-09 19:30:22,618 [INFO] django.server: "GET /api/v1/messaging/conversations/6315774b-1505-49f1-b23a-6950768ce283/ HTTP/1.1" 200 10663
2026-03-09 19:30:24,039 [INFO] django.server: "GET /api/v1/messaging/inbox/dht/ HTTP/1.1" 200 56
2026-03-09 19:31:22,628 [INFO] django.server: "GET /api/v1/messaging/conversations/6315774b-1505-49f1-b23a-6950768ce283/ HTTP/1.1" 200 10663
2026-03-09 19:31:24,345 [INFO] django.server: "GET /api/v1/messaging/inbox/dht/ HTTP/1.1" 200 56
2026-03-09 19:32:22,628 [INFO] django.server: "GET /api/v1/messaging/conversations/6315774b-1505-49f1-b23a-6950768ce283/ HTTP/1.1" 200 10663
2026-03-09 19:32:23,874 [INFO] django.server: "GET /api/v1/messaging/inbox/dht/ HTTP/1.1" 200 56
2026-03-09 19:33:22,872 [INFO] django.server: "GET /api/v1/messaging/conversations/6315774b-1505-49f1-b23a-6950768ce283/ HTTP/1.1" 200 10663
2026-03-09 19:33:24,689 [INFO] django.server: "GET /api/v1/messaging/inbox/dht/ HTTP/1.1" 200 56
2026-03-09 19:34:02,338 [INFO] apps.storage.engine: ReedSolomon library (reedsolo) loaded successfully
2026-03-09 19:34:22,641 [INFO] django.server: "GET /api/v1/messaging/conversations/6315774b-1505-49f1-b23a-6950768ce283/ HTTP/1.1" 200 10663
2026-03-09 19:34:24,106 [INFO] django.server: "GET /api/v1/messaging/inbox/dht/ HTTP/1.1" 200 56
2026-03-09 19:35:00,454 [INFO] apps.storage.views: Upload queued: .env (264 bytes) -> personal
2026-03-09 19:35:00,456 [INFO] apps.storage.engine: ReedSolomon initialized: 5+2 (reedsolo)
2026-03-09 19:35:00,458 [INFO] django.server: "POST /api/v1/storage/upload/personal/ HTTP/1.1" 202 275
2026-03-09 19:35:02,632 [INFO] django.server: "GET /api/v1/storage/objects/?page=1&page_size=100&sort=-created_at HTTP/1.1" 200 147
2026-03-09 19:35:22,649 [INFO] django.server: "GET /api/v1/messaging/conversations/6315774b-1505-49f1-b23a-6950768ce283/ HTTP/1.1" 200 10663
2026-03-09 19:35:24,232 [INFO] django.server: "GET /api/v1/messaging/inbox/dht/ HTTP/1.1" 200 56
2026-03-09 19:36:22,703 [INFO] django.server: "GET /api/v1/messaging/conversations/6315774b-1505-49f1-b23a-6950768ce283/ HTTP/1.1" 200 10663
2026-03-09 19:36:24,162 [INFO] django.server: "GET /api/v1/messaging/inbox/dht/ HTTP/1.1" 200 56
2026-03-09 19:36:36,668 [INFO] django.utils.autoreload: Watching for file changes with StatReloader
2026-03-09 19:37:23,233 [INFO] django.server: "GET /api/v1/messaging/conversations/6315774b-1505-49f1-b23a-6950768ce283/ HTTP/1.1" 200 10663
2026-03-09 19:37:25,772 [INFO] django.server: "GET /api/v1/messaging/inbox/dht/ HTTP/1.1" 200 56
2026-03-09 19:38:22,650 [INFO] django.server: "GET /api/v1/messaging/conversations/6315774b-1505-49f1-b23a-6950768ce283/ HTTP/1.1" 200 10663
2026-03-09 19:38:24,926 [INFO] django.server: "GET /api/v1/messaging/inbox/dht/ HTTP/1.1" 200 56
2026-03-09 19:39:15,588 [INFO] apps.storage.engine: ReedSolomon library (reedsolo) loaded successfully
2026-03-09 19:39:18,137 [INFO] apps.storage.engine: ReedSolomon initialized: 5+2 (reedsolo)
2026-03-09 19:39:22,614 [INFO] django.server: "GET /api/v1/messaging/conversations/6315774b-1505-49f1-b23a-6950768ce283/ HTTP/1.1" 200 10663
2026-03-09 19:39:23,995 [INFO] django.server: "GET /api/v1/messaging/inbox/dht/ HTTP/1.1" 200 56
2026-03-09 19:40:22,618 [INFO] django.server: "GET /api/v1/messaging/conversations/6315774b-1505-49f1-b23a-6950768ce283/ HTTP/1.1" 200 10663
2026-03-09 19:40:24,187 [INFO] django.server: "GET /api/v1/messaging/inbox/dht/ HTTP/1.1" 200 56
2026-03-09 19:41:22,647 [INFO] django.server: "GET /api/v1/messaging/conversations/6315774b-1505-49f1-b23a-6950768ce283/ HTTP/1.1" 200 10663
2026-03-09 19:41:24,617 [INFO] django.server: "GET /api/v1/messaging/inbox/dht/ HTTP/1.1" 200 56
2026-03-09 19:42:22,635 [INFO] django.server: "GET /api/v1/messaging/conversations/6315774b-1505-49f1-b23a-6950768ce283/ HTTP/1.1" 200 10663
2026-03-09 19:42:24,466 [INFO] django.server: "GET /api/v1/messaging/inbox/dht/ HTTP/1.1" 200 56
2026-03-09 19:53:31,174 [INFO] apps.storage.engine: ReedSolomon library (reedsolo) loaded successfully
2026-03-09 19:53:39,098 [INFO] django.utils.autoreload: Watching for file changes with StatReloader
2026-03-09 19:53:57,210 [INFO] django.server: "GET /api/v1/storage/objects/?page=1&page_size=100&sort=-created_at HTTP/1.1" 200 147
2026-03-09 19:53:57,284 [INFO] django.server: "GET /api/v1/storage/objects/?page=1&page_size=100&sort=-created_at HTTP/1.1" 200 147
2026-03-09 19:53:58,707 [INFO] django.server: "GET /api/v1/storage/objects/?page=1&page_size=100&sort=-created_at HTTP/1.1" 200 147
2026-03-09 19:53:58,828 [INFO] django.server: "GET /api/v1/storage/objects/?page=1&page_size=100&sort=-created_at HTTP/1.1" 200 147
2026-03-09 19:53:59,930 [INFO] django.server: - Broken pipe from ('127.0.0.1', 64994)
2026-03-09 19:54:00,375 [INFO] django.server: - Broken pipe from ('127.0.0.1', 55344)
2026-03-09 19:54:00,951 [INFO] django.server: "GET /api/v1/storage/objects/?page=1&page_size=100&sort=-created_at HTTP/1.1" 200 147
2026-03-09 19:54:01,032 [INFO] django.server: "GET /api/v1/storage/objects/?page=1&page_size=100&sort=-created_at HTTP/1.1" 200 147
2026-03-09 19:54:01,830 [INFO] django.server: - Broken pipe from ('127.0.0.1', 54256)
2026-03-09 19:54:02,510 [INFO] django.server: - Broken pipe from ('127.0.0.1', 55860)
2026-03-09 19:54:02,806 [INFO] django.server: "GET /api/v1/storage/objects/?page=1&page_size=100&sort=-created_at HTTP/1.1" 200 147
2026-03-09 19:54:02,899 [INFO] django.server: - Broken pipe from ('127.0.0.1', 64364)
2026-03-09 19:54:03,501 [INFO] django.server: "GET /api/v1/storage/objects/?page=1&page_size=100&sort=-created_at HTTP/1.1" 200 147
2026-03-09 19:54:03,608 [INFO] django.server: - Broken pipe from ('127.0.0.1', 62599)
2026-03-09 19:54:04,236 [INFO] django.server: "GET /api/v1/storage/objects/?page=1&page_size=100&sort=-created_at HTTP/1.1" 200 147
2026-03-09 19:54:04,331 [INFO] django.server: "GET /api/v1/storage/objects/?page=1&page_size=100&sort=-created_at HTTP/1.1" 200 147
2026-03-09 19:54:04,709 [INFO] django.server: "GET /api/v1/storage/objects/?page=1&page_size=100&sort=-created_at HTTP/1.1" 200 147
2026-03-09 19:54:04,811 [INFO] django.server: - Broken pipe from ('127.0.0.1', 63784)
2026-03-09 19:54:05,390 [INFO] django.server: "GET /api/v1/storage/objects/?page=1&page_size=100&sort=-created_at HTTP/1.1" 200 147
2026-03-09 19:54:05,469 [INFO] django.server: "GET /api/v1/storage/objects/?page=1&page_size=100&sort=-created_at HTTP/1.1" 200 147
2026-03-09 19:54:06,119 [INFO] django.server: "GET /api/v1/storage/objects/?page=1&page_size=100&sort=-created_at HTTP/1.1" 200 147
2026-03-09 19:54:06,221 [INFO] django.server: "GET /api/v1/storage/objects/?page=1&page_size=100&sort=-created_at HTTP/1.1" 200 147
2026-03-09 19:54:26,173 [INFO] apps.storage.engine: ReedSolomon library (reedsolo) loaded successfully
2026-03-09 19:54:26,225 [INFO] apps.storage.views: Created new bucket 'personal' for did:aether:ath123b2bb4dd3eb594e84deabd1cba468c75d4dba9b
2026-03-09 19:54:26,369 [INFO] django.server: "GET /api/v1/messaging/inbox/dht/ HTTP/1.1" 200 56
2026-03-09 19:54:26,534 [WARNING] django.request: Not Found: /api/v1/messaging/conversations/6315774b-1505-49f1-b23a-6950768ce283/
2026-03-09 19:54:26,538 [WARNING] django.server: "GET /api/v1/messaging/conversations/6315774b-1505-49f1-b23a-6950768ce283/ HTTP/1.1" 404 47
2026-03-09 19:54:26,652 [INFO] apps.storage.views: Upload queued: .env (262 bytes) -> personal
2026-03-09 19:54:26,656 [INFO] django.server: "POST /api/v1/storage/upload/personal/ HTTP/1.1" 202 275
2026-03-09 19:54:26,666 [INFO] apps.storage.engine: ReedSolomon initialized: 5+2 (reedsolo)
2026-03-09 19:54:29,596 [INFO] django.server: "GET /api/v1/storage/objects/?page=1&page_size=100&sort=-created_at HTTP/1.1" 200 147
2026-03-09 19:54:58,567 [INFO] django.server: "POST /api/v1/billing/wallet/generate/ HTTP/1.1" 200 510
2026-03-09 19:55:02,888 [INFO] django.server: "GET /api/v1/storage/objects/?page=1&page_size=100&sort=-created_at HTTP/1.1" 200 147
2026-03-09 19:55:02,976 [INFO] django.server: "GET /api/v1/storage/objects/?page=1&page_size=100&sort=-created_at HTTP/1.1" 200 147
2026-03-09 19:55:09,471 [INFO] apps.storage.views: Upload queued: .env (262 bytes) -> personal
2026-03-09 19:55:09,477 [INFO] django.server: "POST /api/v1/storage/upload/personal/ HTTP/1.1" 202 275
2026-03-09 19:55:11,705 [INFO] django.server: "GET /api/v1/storage/objects/?page=1&page_size=100&sort=-created_at HTTP/1.1" 200 147
2026-03-09 19:55:22,543 [INFO] django.server: "OPTIONS /api/v1/messaging/conversations/6315774b-1505-49f1-b23a-6950768ce283/ HTTP/1.1" 200 0
2026-03-09 19:55:22,543 [INFO] django.server: "OPTIONS /api/v1/messaging/inbox/dht/ HTTP/1.1" 200 0
2026-03-09 19:55:24,397 [WARNING] django.request: Not Found: /api/v1/messaging/conversations/6315774b-1505-49f1-b23a-6950768ce283/
2026-03-09 19:55:24,399 [WARNING] django.server: "GET /api/v1/messaging/conversations/6315774b-1505-49f1-b23a-6950768ce283/ HTTP/1.1" 404 47
2026-03-09 19:55:24,425 [INFO] django.server: "GET /api/v1/messaging/inbox/dht/ HTTP/1.1" 200 56
2026-03-09 20:11:38,885 [INFO] django.utils.autoreload: Watching for file changes with StatReloader
2026-03-09 20:11:45,667 [WARNING] django.request: Unauthorized: /admin
2026-03-09 20:11:45,668 [WARNING] django.server: "GET /admin HTTP/1.1" 401 59
2026-03-09 20:11:45,827 [WARNING] django.request: Not Found: /favicon.ico
2026-03-09 20:11:45,828 [WARNING] django.server: "GET /favicon.ico HTTP/1.1" 404 3169
2026-03-09 20:11:50,987 [WARNING] django.request: Unauthorized: /
2026-03-09 20:11:50,989 [WARNING] django.server: "GET / HTTP/1.1" 401 54
2026-03-09 20:11:54,773 [WARNING] django.request: Unauthorized: /
2026-03-09 20:11:54,774 [WARNING] django.server: "GET / HTTP/1.1" 401 54
2026-03-09 20:12:12,901 [WARNING] django.request: Unauthorized: /
2026-03-09 20:12:12,903 [WARNING] django.server: "GET / HTTP/1.1" 401 54
2026-03-09 20:12:19,507 [WARNING] django.request: Unauthorized: /admin
2026-03-09 20:12:19,508 [WARNING] django.server: "GET /admin HTTP/1.1" 401 59
2026-03-09 20:14:17,593 [INFO] apps.storage.engine: ReedSolomon library (reedsolo) loaded successfully
2026-03-09 20:16:25,701 [INFO] django.server: "OPTIONS /api/v1/storage/objects/?page=1&page_size=100&sort=-created_at HTTP/1.1" 200 0
2026-03-09 20:16:25,702 [INFO] django.server: "OPTIONS /api/v1/storage/objects/?page=1&page_size=100&sort=-created_at HTTP/1.1" 200 0
2026-03-09 20:16:28,020 [WARNING] django.request: Unauthorized: /api/v1/storage/objects/
2026-03-09 20:16:28,022 [WARNING] django.server: "GET /api/v1/storage/objects/?page=1&page_size=100&sort=-created_at HTTP/1.1" 401 153
2026-03-09 20:16:30,078 [WARNING] django.request: Unauthorized: /api/v1/storage/objects/
2026-03-09 20:16:30,080 [WARNING] django.server: "GET /api/v1/storage/objects/?page=1&page_size=100&sort=-created_at HTTP/1.1" 401 153
2026-03-09 20:16:38,887 [WARNING] django.request: Unauthorized: /api/v1/storage/objects/
2026-03-09 20:16:38,889 [WARNING] django.server: "GET /api/v1/storage/objects/?page=1&page_size=100&sort=-created_at HTTP/1.1" 401 153
2026-03-10 08:41:35,039 [INFO] django.utils.autoreload: Watching for file changes with StatReloader
2026-03-10 08:42:22,238 [INFO] apps.storage.engine: ReedSolomon library (reedsolo) loaded successfully
2026-03-10 08:42:23,872 [INFO] apps.storage.engine: ReedSolomon initialized: 5+2 (reedsolo)
2026-03-10 09:49:34,251 [INFO] django.utils.autoreload: C:\Users\stanl\Desktop\vscodeworkspace\pythonplayground\aetherstore\aetherstore\settings.py changed, reloading.
2026-03-10 09:49:39,218 [INFO] django.utils.autoreload: Watching for file changes with StatReloader
2026-03-10 09:55:42,738 [INFO] django.utils.autoreload: C:\Users\stanl\Desktop\vscodeworkspace\pythonplayground\aetherstore\aetherstore\settings.py changed, reloading.
2026-03-10 09:55:45,499 [INFO] django.utils.autoreload: Watching for file changes with StatReloader
2026-03-10 09:56:05,135 [INFO] django.utils.autoreload: C:\Users\stanl\Desktop\vscodeworkspace\pythonplayground\aetherstore\aetherstore\settings.py changed, reloading.
2026-03-10 09:56:07,586 [INFO] django.utils.autoreload: Watching for file changes with StatReloader
2026-03-10 10:19:32,478 [INFO] django.utils.autoreload: C:\Users\stanl\Desktop\vscodeworkspace\pythonplayground\aetherstore\apps\accounts\middleware.py changed, reloading.
2026-03-10 10:19:37,100 [INFO] django.utils.autoreload: Watching for file changes with StatReloader
2026-03-10 10:20:06,588 [INFO] django.utils.autoreload: C:\Users\stanl\Desktop\vscodeworkspace\pythonplayground\aetherstore\apps\accounts\middleware.py changed, reloading.
2026-03-10 10:20:11,315 [INFO] django.utils.autoreload: Watching for file changes with StatReloader
